Archive member included to satisfy reference by file (symbol)

C:/ST/STM32CubeIDE_1.15.0/STM32CubeIDE/plugins/com.st.stm32cube.ide.mcu.externaltools.gnu-tools-for-stm32.12.3.rel1.win32_1.0.100.202403111256/tools/bin/../lib/gcc/arm-none-eabi/12.3.1/../../../../arm-none-eabi/lib/thumb/v7e-m+fp/hard\libc_nano.a(libc_a-assert.o)
                              build/ringbuffer.o (__assert_func)
C:/ST/STM32CubeIDE_1.15.0/STM32CubeIDE/plugins/com.st.stm32cube.ide.mcu.externaltools.gnu-tools-for-stm32.12.3.rel1.win32_1.0.100.202403111256/tools/bin/../lib/gcc/arm-none-eabi/12.3.1/../../../../arm-none-eabi/lib/thumb/v7e-m+fp/hard\libc_nano.a(libc_a-atof.o)
                              build/main.o (atof)
C:/ST/STM32CubeIDE_1.15.0/STM32CubeIDE/plugins/com.st.stm32cube.ide.mcu.externaltools.gnu-tools-for-stm32.12.3.rel1.win32_1.0.100.202403111256/tools/bin/../lib/gcc/arm-none-eabi/12.3.1/../../../../arm-none-eabi/lib/thumb/v7e-m+fp/hard\libc_nano.a(libc_a-atoi.o)
                              build/main.o (atoi)
C:/ST/STM32CubeIDE_1.15.0/STM32CubeIDE/plugins/com.st.stm32cube.ide.mcu.externaltools.gnu-tools-for-stm32.12.3.rel1.win32_1.0.100.202403111256/tools/bin/../lib/gcc/arm-none-eabi/12.3.1/../../../../arm-none-eabi/lib/thumb/v7e-m+fp/hard\libc_nano.a(libc_a-exit.o)
                              C:/ST/STM32CubeIDE_1.15.0/STM32CubeIDE/plugins/com.st.stm32cube.ide.mcu.externaltools.gnu-tools-for-stm32.12.3.rel1.win32_1.0.100.202403111256/tools/bin/../lib/gcc/arm-none-eabi/12.3.1/../../../../arm-none-eabi/lib/thumb/v7e-m+fp/hard/crt0.o (exit)
C:/ST/STM32CubeIDE_1.15.0/STM32CubeIDE/plugins/com.st.stm32cube.ide.mcu.externaltools.gnu-tools-for-stm32.12.3.rel1.win32_1.0.100.202403111256/tools/bin/../lib/gcc/arm-none-eabi/12.3.1/../../../../arm-none-eabi/lib/thumb/v7e-m+fp/hard\libc_nano.a(libc_a-strtod.o)
                              C:/ST/STM32CubeIDE_1.15.0/STM32CubeIDE/plugins/com.st.stm32cube.ide.mcu.externaltools.gnu-tools-for-stm32.12.3.rel1.win32_1.0.100.202403111256/tools/bin/../lib/gcc/arm-none-eabi/12.3.1/../../../../arm-none-eabi/lib/thumb/v7e-m+fp/hard\libc_nano.a(libc_a-atof.o) (strtod)
C:/ST/STM32CubeIDE_1.15.0/STM32CubeIDE/plugins/com.st.stm32cube.ide.mcu.externaltools.gnu-tools-for-stm32.12.3.rel1.win32_1.0.100.202403111256/tools/bin/../lib/gcc/arm-none-eabi/12.3.1/../../../../arm-none-eabi/lib/thumb/v7e-m+fp/hard\libc_nano.a(libc_a-strtol.o)
                              C:/ST/STM32CubeIDE_1.15.0/STM32CubeIDE/plugins/com.st.stm32cube.ide.mcu.externaltools.gnu-tools-for-stm32.12.3.rel1.win32_1.0.100.202403111256/tools/bin/../lib/gcc/arm-none-eabi/12.3.1/../../../../arm-none-eabi/lib/thumb/v7e-m+fp/hard\libc_nano.a(libc_a-atoi.o) (_strtol_r)
C:/ST/STM32CubeIDE_1.15.0/STM32CubeIDE/plugins/com.st.stm32cube.ide.mcu.externaltools.gnu-tools-for-stm32.12.3.rel1.win32_1.0.100.202403111256/tools/bin/../lib/gcc/arm-none-eabi/12.3.1/../../../../arm-none-eabi/lib/thumb/v7e-m+fp/hard\libc_nano.a(libc_a-ctype_.o)
                              C:/ST/STM32CubeIDE_1.15.0/STM32CubeIDE/plugins/com.st.stm32cube.ide.mcu.externaltools.gnu-tools-for-stm32.12.3.rel1.win32_1.0.100.202403111256/tools/bin/../lib/gcc/arm-none-eabi/12.3.1/../../../../arm-none-eabi/lib/thumb/v7e-m+fp/hard\libc_nano.a(libc_a-strtol.o) (_ctype_)
C:/ST/STM32CubeIDE_1.15.0/STM32CubeIDE/plugins/com.st.stm32cube.ide.mcu.externaltools.gnu-tools-for-stm32.12.3.rel1.win32_1.0.100.202403111256/tools/bin/../lib/gcc/arm-none-eabi/12.3.1/../../../../arm-none-eabi/lib/thumb/v7e-m+fp/hard\libc_nano.a(libc_a-findfp.o)
                              C:/ST/STM32CubeIDE_1.15.0/STM32CubeIDE/plugins/com.st.stm32cube.ide.mcu.externaltools.gnu-tools-for-stm32.12.3.rel1.win32_1.0.100.202403111256/tools/bin/../lib/gcc/arm-none-eabi/12.3.1/../../../../arm-none-eabi/lib/thumb/v7e-m+fp/hard\libc_nano.a(libc_a-exit.o) (__stdio_exit_handler)
C:/ST/STM32CubeIDE_1.15.0/STM32CubeIDE/plugins/com.st.stm32cube.ide.mcu.externaltools.gnu-tools-for-stm32.12.3.rel1.win32_1.0.100.202403111256/tools/bin/../lib/gcc/arm-none-eabi/12.3.1/../../../../arm-none-eabi/lib/thumb/v7e-m+fp/hard\libc_nano.a(libc_a-fprintf.o)
                              C:/ST/STM32CubeIDE_1.15.0/STM32CubeIDE/plugins/com.st.stm32cube.ide.mcu.externaltools.gnu-tools-for-stm32.12.3.rel1.win32_1.0.100.202403111256/tools/bin/../lib/gcc/arm-none-eabi/12.3.1/../../../../arm-none-eabi/lib/thumb/v7e-m+fp/hard\libc_nano.a(libc_a-assert.o) (fiprintf)
C:/ST/STM32CubeIDE_1.15.0/STM32CubeIDE/plugins/com.st.stm32cube.ide.mcu.externaltools.gnu-tools-for-stm32.12.3.rel1.win32_1.0.100.202403111256/tools/bin/../lib/gcc/arm-none-eabi/12.3.1/../../../../arm-none-eabi/lib/thumb/v7e-m+fp/hard\libc_nano.a(libc_a-fwalk.o)
                              C:/ST/STM32CubeIDE_1.15.0/STM32CubeIDE/plugins/com.st.stm32cube.ide.mcu.externaltools.gnu-tools-for-stm32.12.3.rel1.win32_1.0.100.202403111256/tools/bin/../lib/gcc/arm-none-eabi/12.3.1/../../../../arm-none-eabi/lib/thumb/v7e-m+fp/hard\libc_nano.a(libc_a-findfp.o) (_fwalk_sglue)
[...]
Memory Configuration

Name             Origin             Length             Attributes
RAM              0x20000000         0x00020000         xrw
CCMRAM           0x10000000         0x00010000         xrw
FLASH            0x08000000         0x00080000         xr
*default*        0x00000000         0xffffffff

Linker script and memory map

LOAD C:/ST/STM32CubeIDE_1.15.0/STM32CubeIDE/plugins/com.st.stm32cube.ide.mcu.externaltools.gnu-tools-for-stm32.12.3.rel1.win32_1.0.100.202403111256/tools/bin/../lib/gcc/arm-none-eabi/12.3.1/thumb/v7e-m+fp/hard/crti.o
LOAD C:/ST/STM32CubeIDE_1.15.0/STM32CubeIDE/plugins/com.st.stm32cube.ide.mcu.externaltools.gnu-tools-for-stm32.12.3.rel1.win32_1.0.100.202403111256/tools/bin/../lib/gcc/arm-none-eabi/12.3.1/thumb/v7e-m+fp/hard/crtbegin.o
LOAD C:/ST/STM32CubeIDE_1.15.0/STM32CubeIDE/plugins/com.st.stm32cube.ide.mcu.externaltools.gnu-tools-for-stm32.12.3.rel1.win32_1.0.100.202403111256/tools/bin/../lib/gcc/arm-none-eabi/12.3.1/../../../../arm-none-eabi/lib/thumb/v7e-m+fp/hard/crt0.o
LOAD build/logger.o
LOAD build/ringbuffer.o
LOAD build/syscalls.o
LOAD build/sysmem.o
LOAD build/main.o
LOAD build/gpio.o
LOAD build/adc.o
LOAD build/can.o
LOAD build/dma.o
LOAD build/i2c.o
LOAD build/rtc.o
LOAD build/sdio.o
LOAD build/tim.o
LOAD build/usart.o
LOAD build/stm32f4xx_it.o
LOAD build/stm32f4xx_hal_msp.o
LOAD build/bsp_driver_sd.o
LOAD build/sd_diskio.o
LOAD build/fatfs_platform.o
LOAD build/fatfs.o
LOAD build/stm32f4xx_hal_adc.o
LOAD build/stm32f4xx_hal_adc_ex.o
LOAD build/stm32f4xx_ll_adc.o
LOAD build/stm32f4xx_hal_rcc.o
LOAD build/stm32f4xx_hal_rcc_ex.o
LOAD build/stm32f4xx_hal_flash.o
LOAD build/stm32f4xx_hal_flash_ex.o
LOAD build/stm32f4xx_hal_flash_ramfunc.o
LOAD build/stm32f4xx_hal_gpio.o
LOAD build/stm32f4xx_hal_dma_ex.o
LOAD build/stm32f4xx_hal_dma.o
LOAD build/stm32f4xx_hal_pwr.o
LOAD build/stm32f4xx_hal_pwr_ex.o
LOAD build/stm32f4xx_hal_cortex.o
LOAD build/stm32f4xx_hal.o
LOAD build/stm32f4xx_hal_exti.o
LOAD build/stm32f4xx_hal_can.o
LOAD build/stm32f4xx_hal_i2c.o
LOAD build/stm32f4xx_hal_i2c_ex.o
LOAD build/stm32f4xx_hal_rtc.o
LOAD build/stm32f4xx_hal_rtc_ex.o
LOAD build/stm32f4xx_ll_sdmmc.o
LOAD build/stm32f4xx_hal_sd.o
LOAD build/stm32f4xx_hal_tim.o
LOAD build/stm32f4xx_hal_tim_ex.o
LOAD build/stm32f4xx_hal_uart.o
LOAD build/system_stm32f4xx.o
LOAD build/diskio.o
LOAD build/ff.o
LOAD build/ff_gen_drv.o
LOAD build/syscall.o
LOAD build/ccsbcs.o
LOAD build/startup_stm32f407xx.o
LOAD C:/ST/STM32CubeIDE_1.15.0/STM32CubeIDE/plugins/com.st.stm32cube.ide.mcu.externaltools.gnu-tools-for-stm32.12.3.rel1.win32_1.0.100.202403111256/tools/bin/../lib/gcc/arm-none-eabi/12.3.1/../../../../arm-none-eabi/lib/thumb/v7e-m+fp/hard\libc_nano.a
LOAD C:/ST/STM32CubeIDE_1.15.0/STM32CubeIDE/plugins/com.st.stm32cube.ide.mcu.externaltools.gnu-tools-for-stm32.12.3.rel1.win32_1.0.100.202403111256/tools/bin/../lib/gcc/arm-none-eabi/12.3.1/../../../../arm-none-eabi/lib/thumb/v7e-m+fp/hard\libm.a
LOAD C:/ST/STM32CubeIDE_1.15.0/STM32CubeIDE/plugins/com.st.stm32cube.ide.mcu.externaltools.gnu-tools-for-stm32.12.3.rel1.win32_1.0.100.202403111256/tools/bin/../lib/gcc/arm-none-eabi/12.3.1/../../../../arm-none-eabi/lib/thumb/v7e-m+fp/hard\libnosys.a
START GROUP
LOAD C:/ST/STM32CubeIDE_1.15.0/STM32CubeIDE/plugins/com.st.stm32cube.ide.mcu.externaltools.gnu-tools-for-stm32.12.3.rel1.win32_1.0.100.202403111256/tools/bin/../lib/gcc/arm-none-eabi/12.3.1/thumb/v7e-m+fp/hard\libgcc.a
LOAD C:/ST/STM32CubeIDE_1.15.0/STM32CubeIDE/plugins/com.st.stm32cube.ide.mcu.externaltools.gnu-tools-for-stm32.12.3.rel1.win32_1.0.100.202403111256/tools/bin/../lib/gcc/arm-none-eabi/12.3.1/../../../../arm-none-eabi/lib/thumb/v7e-m+fp/hard\libc_nano.a
END GROUP
START GROUP
LOAD C:/ST/STM32CubeIDE_1.15.0/STM32CubeIDE/plugins/com.st.stm32cube.ide.mcu.externaltools.gnu-tools-for-stm32.12.3.rel1.win32_1.0.100.202403111256/tools/bin/../lib/gcc/arm-none-eabi/12.3.1/thumb/v7e-m+fp/hard\libgcc.a
LOAD C:/ST/STM32CubeIDE_1.15.0/STM32CubeIDE/plugins/com.st.stm32cube.ide.mcu.externaltools.gnu-tools-for-stm32.12.3.rel1.win32_1.0.100.202403111256/tools/bin/../lib/gcc/arm-none-eabi/12.3.1/../../../../arm-none-eabi/lib/thumb/v7e-m+fp/hard\libc_nano.a
END GROUP
LOAD C:/ST/STM32CubeIDE_1.15.0/STM32CubeIDE/plugins/com.st.stm32cube.ide.mcu.externaltools.gnu-tools-for-stm32.12.3.rel1.win32_1.0.100.202403111256/tools/bin/../lib/gcc/arm-none-eabi/12.3.1/thumb/v7e-m+fp/hard/crtend.o
LOAD C:/ST/STM32CubeIDE_1.15.0/STM32CubeIDE/plugins/com.st.stm32cube.ide.mcu.externaltools.gnu-tools-for-stm32.12.3.rel1.win32_1.0.100.202403111256/tools/bin/../lib/gcc/arm-none-eabi/12.3.1/thumb/v7e-m+fp/hard/crtn.o
                0x20020000                        _estack = (ORIGIN (RAM) + LENGTH (RAM))
                0x00000200                        _Min_Heap_Size = 0x200
                0x00000400                        _Min_Stack_Size = 0x400

.isr_vector     0x08000000      0x188
                0x08000000                        . = ALIGN (0x4)
 *(.isr_vector)
 .isr_vector    0x08000000      0x188 build/startup_stm32f407xx.o
                0x08000000                g_pfnVectors
                0x08000188                        . = ALIGN (0x4)

.text           0x08000190    0x14a8c
                0x08000190                        . = ALIGN (0x4)
 *(.text)
 .text          0x08000190       0x40 C:/ST/STM32CubeIDE_1.15.0/STM32CubeIDE/plugins/com.st.stm32cube.ide.mcu.externaltools.gnu-tools-for-stm32.12.3.rel1.win32_1.0.100.202403111256/tools/bin/../lib/gcc/arm-none-eabi/12.3.1/thumb/v7e-m+fp/hard/crtbegin.o
 .text          0x080001d0       0xa0 C:/ST/STM32CubeIDE_1.15.0/STM32CubeIDE/plugins/com.st.stm32cube.ide.mcu.externaltools.gnu-tools-for-stm32.12.3.rel1.win32_1.0.100.202403111256/tools/bin/../lib/gcc/arm-none-eabi/12.3.1/../../../../arm-none-eabi/lib/thumb/v7e-m+fp/hard\libc_nano.a(libc_a-memchr.o)
                0x080001d0                memchr
 .text          0x08000270      0x378 C:/ST/STM32CubeIDE_1.15.0/STM32CubeIDE/plugins/com.st.stm32cube.ide.mcu.externaltools.gnu-tools-for-stm32.12.3.rel1.win32_1.0.100.202403111256/tools/bin/../lib/gcc/arm-none-eabi/12.3.1/thumb/v7e-m+fp/hard\libgcc.a(_arm_addsubdf3.o)
                0x08000270                __aeabi_drsub
                0x08000278                __aeabi_dsub
                0x08000278                __subdf3
                0x0800027c                __aeabi_dadd
                0x0800027c                __adddf3
                0x080004f4                __floatunsidf
                0x080004f4                __aeabi_ui2d
                0x08000514                __floatsidf
                0x08000514                __aeabi_i2d
                0x08000538                __aeabi_f2d
                0x08000538                __extendsfdf2
                0x0800057c                __floatundidf
                0x0800057c                __aeabi_ul2d
                0x0800058c                __floatdidf
                0x0800058c                __aeabi_l2d
 .text          0x080005e8      0x424 C:/ST/STM32CubeIDE_1.15.0/STM32CubeIDE/plugins/com.st.stm32cube.ide.mcu.externaltools.gnu-tools-for-stm32.12.3.rel1.win32_1.0.100.202403111256/tools/bin/../lib/gcc/arm-none-eabi/12.3.1/thumb/v7e-m+fp/hard\libgcc.a(_arm_muldivdf3.o)
                0x080005e8                __aeabi_dmul
                0x080005e8                __muldf3
                0x0800083c                __divdf3
                0x0800083c                __aeabi_ddiv
 .text          0x08000a0c      0x110 C:/ST/STM32CubeIDE_1.15.0/STM32CubeIDE/plugins/com.st.stm32cube.ide.mcu.externaltools.gnu-tools-for-stm32.12.3.rel1.win32_1.0.100.202403111256/tools/bin/../lib/gcc/arm-none-eabi/12.3.1/thumb/v7e-m+fp/hard\libgcc.a(_arm_cmpdf2.o)
                0x08000a0c                __gtdf2
                0x08000a0c                __gedf2
                0x08000a14                __ltdf2
                0x08000a14                __ledf2
                0x08000a1c                __nedf2
                0x08000a1c                __eqdf2
                0x08000a1c                __cmpdf2
                0x08000a98                __aeabi_cdrcmple
                0x08000aa8                __aeabi_cdcmpeq
                0x08000aa8                __aeabi_cdcmple
                0x08000ab8                __aeabi_dcmpeq
                0x08000acc                __aeabi_dcmplt
                0x08000ae0                __aeabi_dcmple
                0x08000af4                __aeabi_dcmpge
                0x08000b08                __aeabi_dcmpgt
 .text          0x08000b1c       0x50 C:/ST/STM32CubeIDE_1.15.0/STM32CubeIDE/plugins/com.st.stm32cube.ide.mcu.externaltools.gnu-tools-for-stm32.12.3.rel1.win32_1.0.100.202403111256/tools/bin/../lib/gcc/arm-none-eabi/12.3.1/thumb/v7e-m+fp/hard\libgcc.a(_arm_fixdfsi.o)
                0x08000b1c                __aeabi_d2iz
                0x08000b1c                __fixdfsi
 .text          0x08000b6c       0x40 C:/ST/STM32CubeIDE_1.15.0/STM32CubeIDE/plugins/com.st.stm32cube.ide.mcu.externaltools.gnu-tools-for-stm32.12.3.rel1.win32_1.0.100.202403111256/tools/bin/../lib/gcc/arm-none-eabi/12.3.1/thumb/v7e-m+fp/hard\libgcc.a(_arm_fixunsdfsi.o)
                0x08000b6c                __aeabi_d2uiz
                0x08000b6c                __fixunsdfsi
 .text          0x08000bac       0x30 C:/ST/STM32CubeIDE_1.15.0/STM32CubeIDE/plugins/com.st.stm32cube.ide.mcu.externaltools.gnu-tools-for-stm32.12.3.rel1.win32_1.0.100.202403111256/tools/bin/../lib/gcc/arm-none-eabi/12.3.1/thumb/v7e-m+fp/hard\libgcc.a(_aeabi_uldivmod.o)
                0x08000bac                __aeabi_uldivmod
 .text          0x08000bdc       0x30 C:/ST/STM32CubeIDE_1.15.0/STM32CubeIDE/plugins/com.st.stm32cube.ide.mcu.externaltools.gnu-tools-for-stm32.12.3.rel1.win32_1.0.100.202403111256/tools/bin/../lib/gcc/arm-none-eabi/12.3.1/thumb/v7e-m+fp/hard\libgcc.a(_fixdfdi.o)
                0x08000bdc                __fixdfdi
                0x08000bdc                __aeabi_d2lz
 .text          0x08000c0c       0x3c C:/ST/STM32CubeIDE_1.15.0/STM32CubeIDE/plugins/com.st.stm32cube.ide.mcu.externaltools.gnu-tools-for-stm32.12.3.rel1.win32_1.0.100.202403111256/tools/bin/../lib/gcc/arm-none-eabi/12.3.1/thumb/v7e-m+fp/hard\libgcc.a(_fixunsdfdi.o)
                0x08000c0c                __fixunsdfdi
                0x08000c0c                __aeabi_d2ulz
 .text          0x08000c48      0x2bc C:/ST/STM32CubeIDE_1.15.0/STM32CubeIDE/plugins/com.st.stm32cube.ide.mcu.externaltools.gnu-tools-for-stm32.12.3.rel1.win32_1.0.100.202403111256/tools/bin/../lib/gcc/arm-none-eabi/12.3.1/thumb/v7e-m+fp/hard\libgcc.a(_udivmoddi4.o)
                0x08000c48                __udivmoddi4
 .text          0x08000f04        0x4 C:/ST/STM32CubeIDE_1.15.0/STM32CubeIDE/plugins/com.st.stm32cube.ide.mcu.externaltools.gnu-tools-for-stm32.12.3.rel1.win32_1.0.100.202403111256/tools/bin/../lib/gcc/arm-none-eabi/12.3.1/thumb/v7e-m+fp/hard\libgcc.a(_dvmd_tls.o)
                0x08000f04                __aeabi_idiv0
                0x08000f04                __aeabi_ldiv0
 *(.text*)
 .text.SYS_LOG  0x08000f08      0x1a8 build/logger.o
                0x08000f08                SYS_LOG
 .text.ring_buffer_is_empty
                0x080010b0       0x26 build/ringbuffer.o
                0x080010b0                ring_buffer_is_empty
 .text.ring_buffer_is_full
                0x080010d6       0x32 build/ringbuffer.o
                0x080010d6                ring_buffer_is_full
 .text.ring_buffer_init
                0x08001108       0x54 build/ringbuffer.o
                0x08001108                ring_buffer_init
 .text.ring_buffer_queue
                0x0800115c       0x4e build/ringbuffer.o
                0x0800115c                ring_buffer_queue
 .text.ring_buffer_queue_arr
                0x080011aa       0x3a build/ringbuffer.o
                0x080011aa                ring_buffer_queue_arr
 .text.ring_buffer_dequeue
                0x080011e4       0x44 build/ringbuffer.o
                0x080011e4                ring_buffer_dequeue
 .text.ring_buffer_dequeue_arr
                0x08001228       0x52 build/ringbuffer.o
                0x08001228                ring_buffer_dequeue_arr
 .text._getpid  0x0800127a       0x10 build/syscalls.o
                0x0800127a                _getpid
 .text._kill    0x0800128a       0x20 build/syscalls.o
                0x0800128a                _kill
 .text._exit    0x080012aa       0x16 build/syscalls.o
                0x080012aa                _exit
 .text._read    0x080012c0       0x3a build/syscalls.o
                0x080012c0                _read
 .text._close   0x080012fa       0x18 build/syscalls.o
                0x080012fa                _close
 .text._fstat   0x08001312       0x20 build/syscalls.o
                0x08001312                _fstat
 .text._isatty  0x08001332       0x16 build/syscalls.o
                0x08001332                _isatty
 .text._lseek   0x08001348       0x1a build/syscalls.o
                0x08001348                _lseek
 *fill*         0x08001362        0x2 
 .text._sbrk    0x08001364       0x6c build/sysmem.o
                0x08001364                _sbrk
 .text.to_uint  0x080013d0       0x52 build/main.o
                0x080013d0                to_uint
 .text.drop_point
                0x08001422       0x26 build/main.o
                0x08001422                drop_point
 .text._write   0x08001448       0x28 build/main.o
                0x08001448                _write
 .text.main     0x08001470      0x52c build/main.o
                0x08001470                main
 .text.SystemClock_Config
                0x0800199c       0xe0 build/main.o
                0x0800199c                SystemClock_Config
 .text.TIMER_100ms
                0x08001a7c      0x14c build/main.o
                0x08001a7c                TIMER_100ms
 .text.TIMER_1s
                0x08001bc8       0x78 build/main.o
                0x08001bc8                TIMER_1s
 .text.GPS_PARSE
                0x08001c40      0x2d0 build/main.o
                0x08001c40                GPS_PARSE
 .text.Error_Handler
                0x08001f10        0xc build/main.o
                0x08001f10                Error_Handler
 .text.HAL_GPIO_EXTI_Callback
                0x08001f1c       0xcc build/gpio.o
                0x08001f1c                HAL_GPIO_EXTI_Callback
 .text.DIGITAL_SETUP
                0x08001fe8       0x10 build/gpio.o
                0x08001fe8                DIGITAL_SETUP
 .text.MX_GPIO_Init
                0x08001ff8      0x18c build/gpio.o
                0x08001ff8                MX_GPIO_Init
 .text.HAL_ADC_ConvCpltCallback
                0x08002184       0xdc build/adc.o
                0x08002184                HAL_ADC_ConvCpltCallback
 .text.ANALOG_SETUP
                0x08002260       0x10 build/adc.o
                0x08002260                ANALOG_SETUP
 .text.MX_ADC1_Init
                0x08002270       0xc0 build/adc.o
                0x08002270                MX_ADC1_Init
 .text.MX_ADC2_Init
                0x08002330       0xf8 build/adc.o
                0x08002330                MX_ADC2_Init
 .text.HAL_ADC_MspInit
                0x08002428      0x1d8 build/adc.o
                0x08002428                HAL_ADC_MspInit
 .text.HAL_CAN_RxFifo0MsgPendingCallback
                0x08002600       0x98 build/can.o
                0x08002600                HAL_CAN_RxFifo0MsgPendingCallback
 .text.HAL_CAN_ErrorCallback
                0x08002698       0x4c build/can.o
                0x08002698                HAL_CAN_ErrorCallback
 .text.HAL_CAN_RxFifo0FullCallback
                0x080026e4       0x4c build/can.o
                0x080026e4                HAL_CAN_RxFifo0FullCallback
 .text.CAN_SETUP
                0x08002730       0xd8 build/can.o
                0x08002730                CAN_SETUP
 .text.MX_CAN1_Init
                0x08002808       0x6c build/can.o
                0x08002808                MX_CAN1_Init
 .text.HAL_CAN_MspInit
                0x08002874       0xd0 build/can.o
                0x08002874                HAL_CAN_MspInit
 .text.MX_DMA_Init
                0x08002944       0xdc build/dma.o
                0x08002944                MX_DMA_Init
 .text.HAL_I2C_MasterTxCpltCallback
                0x08002a20       0x6c build/i2c.o
                0x08002a20                HAL_I2C_MasterTxCpltCallback
 .text.HAL_I2C_MasterRxCpltCallback
                0x08002a8c       0x34 build/i2c.o
                0x08002a8c                HAL_I2C_MasterRxCpltCallback
 .text.HAL_I2C_ErrorCallback
                0x08002ac0       0x14 build/i2c.o
                0x08002ac0                HAL_I2C_ErrorCallback
 .text.HAL_I2C_MemRxCpltCallback
                0x08002ad4       0x20 build/i2c.o
                0x08002ad4                HAL_I2C_MemRxCpltCallback
 .text.TELEMETRY_SETUP
                0x08002af4       0xd0 build/i2c.o
                0x08002af4                TELEMETRY_SETUP
 .text.TELEMETRY_TRANSMIT_LOG
                0x08002bc4       0x70 build/i2c.o
                0x08002bc4                TELEMETRY_TRANSMIT_LOG
 .text.ACCELEROMETER_WRITE
                0x08002c34       0x38 build/i2c.o
                0x08002c34                ACCELEROMETER_WRITE
 .text.ACCELEROMETER_SETUP
                0x08002c6c       0x44 build/i2c.o
                0x08002c6c                ACCELEROMETER_SETUP
 .text.MX_I2C1_Init
                0x08002cb0       0x5c build/i2c.o
                0x08002cb0                MX_I2C1_Init
 .text.MX_I2C3_Init
                0x08002d0c       0x5c build/i2c.o
                0x08002d0c                MX_I2C3_Init
 .text.HAL_I2C_MspInit
                0x08002d68      0x160 build/i2c.o
                0x08002d68                HAL_I2C_MspInit
 .text.RTC_FIX  0x08002ec8      0x164 build/rtc.o
                0x08002ec8                RTC_FIX
 .text.RTC_READ
                0x0800302c       0x54 build/rtc.o
                0x0800302c                RTC_READ
 .text.MX_RTC_Init
                0x08003080       0xd4 build/rtc.o
                0x08003080                MX_RTC_Init
 .text.HAL_RTC_MspInit
                0x08003154       0x54 build/rtc.o
                0x08003154                HAL_RTC_MspInit
 .text.SD_SETUP
                0x080031a8      0x15c build/sdio.o
                0x080031a8                SD_SETUP
 .text.SD_WRITE
                0x08003304       0x98 build/sdio.o
                0x08003304                SD_WRITE
 .text.SD_SYNC  0x0800339c       0x58 build/sdio.o
                0x0800339c                SD_SYNC
 .text.MX_SDIO_SD_Init
                0x080033f4       0x44 build/sdio.o
                0x080033f4                MX_SDIO_SD_Init
 .text.HAL_SD_MspInit
                0x08003438      0x200 build/sdio.o
                0x08003438                HAL_SD_MspInit
 .text.HAL_TIM_PeriodElapsedCallback
                0x08003638       0x5c build/tim.o
                0x08003638                HAL_TIM_PeriodElapsedCallback
 .text.HAL_TIM_IC_CaptureCallback
                0x08003694      0x1c0 build/tim.o
                0x08003694                HAL_TIM_IC_CaptureCallback
 .text.PULSE_SETUP
                0x08003854       0x10 build/tim.o
                0x08003854                PULSE_SETUP
 .text.PULSE_CAPTURE
                0x08003864       0x70 build/tim.o
                0x08003864                PULSE_CAPTURE
 .text.CALC_PERIOD
                0x080038d4       0x3c build/tim.o
 .text.MX_TIM1_Init
                0x08003910       0xa4 build/tim.o
                0x08003910                MX_TIM1_Init
 .text.MX_TIM5_Init
                0x080039b4      0x124 build/tim.o
                0x080039b4                MX_TIM5_Init
 .text.HAL_TIM_Base_MspInit
                0x08003ad8      0x294 build/tim.o
                0x08003ad8                HAL_TIM_Base_MspInit
 .text.HAL_UART_RxCpltCallback
                0x08003d6c       0x7c build/usart.o
                0x08003d6c                HAL_UART_RxCpltCallback
 .text.HAL_UART_TxCpltCallback
                0x08003de8       0x70 build/usart.o
                0x08003de8                HAL_UART_TxCpltCallback
 .text.SERIAL_SETUP
                0x08003e58       0x20 build/usart.o
                0x08003e58                SERIAL_SETUP
 .text.SERIAL_TRANSMIT_LOG
                0x08003e78       0x58 build/usart.o
                0x08003e78                SERIAL_TRANSMIT_LOG
 .text.MX_USART1_UART_Init
                0x08003ed0       0x54 build/usart.o
                0x08003ed0                MX_USART1_UART_Init
 .text.MX_USART3_UART_Init
                0x08003f24       0x54 build/usart.o
                0x08003f24                MX_USART3_UART_Init
 .text.MX_USART6_UART_Init
                0x08003f78       0x54 build/usart.o
                0x08003f78                MX_USART6_UART_Init
 .text.HAL_UART_MspInit
                0x08003fcc      0x1fc build/usart.o
                0x08003fcc                HAL_UART_MspInit
 .text.HAL_UARTEx_RxEventCallback
                0x080041c8       0x54 build/usart.o
                0x080041c8                HAL_UARTEx_RxEventCallback
 .text.GPS_SETUP
                0x0800421c      0x1a0 build/usart.o
                0x0800421c                GPS_SETUP
 .text.NMI_Handler
                0x080043bc        0xc build/stm32f4xx_it.o
                0x080043bc                NMI_Handler
 .text.HardFault_Handler
                0x080043c8        0x8 build/stm32f4xx_it.o
                0x080043c8                HardFault_Handler
 .text.MemManage_Handler
                0x080043d0        0x8 build/stm32f4xx_it.o
                0x080043d0                MemManage_Handler
 .text.BusFault_Handler
                0x080043d8        0x8 build/stm32f4xx_it.o
                0x080043d8                BusFault_Handler
 .text.UsageFault_Handler
                0x080043e0        0x8 build/stm32f4xx_it.o
                0x080043e0                UsageFault_Handler
 .text.SVC_Handler
                0x080043e8        0xe build/stm32f4xx_it.o
                0x080043e8                SVC_Handler
 .text.DebugMon_Handler
                0x080043f6        0xe build/stm32f4xx_it.o
                0x080043f6                DebugMon_Handler
 .text.PendSV_Handler
                0x08004404        0xe build/stm32f4xx_it.o
                0x08004404                PendSV_Handler
 .text.SysTick_Handler
                0x08004412        0xc build/stm32f4xx_it.o
                0x08004412                SysTick_Handler
 *fill*         0x0800441e        0x2 
 .text.DMA1_Stream0_IRQHandler
                0x08004420       0x14 build/stm32f4xx_it.o
                0x08004420                DMA1_Stream0_IRQHandler
 .text.DMA1_Stream1_IRQHandler
                0x08004434       0x14 build/stm32f4xx_it.o
                0x08004434                DMA1_Stream1_IRQHandler
 .text.DMA1_Stream2_IRQHandler
                0x08004448       0x14 build/stm32f4xx_it.o
                0x08004448                DMA1_Stream2_IRQHandler
 .text.DMA1_Stream3_IRQHandler
                0x0800445c       0x14 build/stm32f4xx_it.o
                0x0800445c                DMA1_Stream3_IRQHandler
 .text.DMA1_Stream4_IRQHandler
                0x08004470       0x14 build/stm32f4xx_it.o
                0x08004470                DMA1_Stream4_IRQHandler
 .text.ADC_IRQHandler
                0x08004484       0x1c build/stm32f4xx_it.o
                0x08004484                ADC_IRQHandler
 .text.CAN1_TX_IRQHandler
                0x080044a0       0x14 build/stm32f4xx_it.o
                0x080044a0                CAN1_TX_IRQHandler
 .text.CAN1_RX0_IRQHandler
                0x080044b4       0x14 build/stm32f4xx_it.o
                0x080044b4                CAN1_RX0_IRQHandler
 .text.CAN1_RX1_IRQHandler
                0x080044c8       0x14 build/stm32f4xx_it.o
                0x080044c8                CAN1_RX1_IRQHandler
 .text.CAN1_SCE_IRQHandler
                0x080044dc       0x14 build/stm32f4xx_it.o
                0x080044dc                CAN1_SCE_IRQHandler
 .text.EXTI9_5_IRQHandler
                0x080044f0       0x10 build/stm32f4xx_it.o
                0x080044f0                EXTI9_5_IRQHandler
 .text.TIM1_UP_TIM10_IRQHandler
                0x08004500       0x14 build/stm32f4xx_it.o
                0x08004500                TIM1_UP_TIM10_IRQHandler
 .text.I2C1_EV_IRQHandler
                0x08004514       0x14 build/stm32f4xx_it.o
                0x08004514                I2C1_EV_IRQHandler
 .text.USART1_IRQHandler
                0x08004528       0x14 build/stm32f4xx_it.o
                0x08004528                USART1_IRQHandler
 .text.USART3_IRQHandler
                0x0800453c       0x14 build/stm32f4xx_it.o
                0x0800453c                USART3_IRQHandler
 .text.SDIO_IRQHandler
                0x08004550       0x14 build/stm32f4xx_it.o
                0x08004550                SDIO_IRQHandler
 .text.TIM5_IRQHandler
                0x08004564       0x14 build/stm32f4xx_it.o
                0x08004564                TIM5_IRQHandler
 .text.DMA2_Stream0_IRQHandler
                0x08004578       0x14 build/stm32f4xx_it.o
                0x08004578                DMA2_Stream0_IRQHandler
 .text.DMA2_Stream2_IRQHandler
                0x0800458c       0x14 build/stm32f4xx_it.o
                0x0800458c                DMA2_Stream2_IRQHandler
 .text.DMA2_Stream3_IRQHandler
                0x080045a0       0x14 build/stm32f4xx_it.o
                0x080045a0                DMA2_Stream3_IRQHandler
 .text.DMA2_Stream6_IRQHandler
                0x080045b4       0x14 build/stm32f4xx_it.o
                0x080045b4                DMA2_Stream6_IRQHandler
 .text.USART6_IRQHandler
                0x080045c8       0x14 build/stm32f4xx_it.o
                0x080045c8                USART6_IRQHandler
 .text.I2C3_EV_IRQHandler
                0x080045dc       0x14 build/stm32f4xx_it.o
                0x080045dc                I2C3_EV_IRQHandler
 .text.HAL_MspInit
                0x080045f0       0x50 build/stm32f4xx_hal_msp.o
                0x080045f0                HAL_MspInit
 .text.BSP_SD_Init
                0x08004640       0x30 build/bsp_driver_sd.o
                0x08004640                BSP_SD_Init
 .text.BSP_SD_ReadBlocks_DMA
                0x08004670       0x34 build/bsp_driver_sd.o
                0x08004670                BSP_SD_ReadBlocks_DMA
 .text.BSP_SD_WriteBlocks_DMA
                0x080046a4       0x34 build/bsp_driver_sd.o
                0x080046a4                BSP_SD_WriteBlocks_DMA
 .text.BSP_SD_GetCardState
                0x080046d8       0x20 build/bsp_driver_sd.o
                0x080046d8                BSP_SD_GetCardState
 .text.BSP_SD_GetCardInfo
                0x080046f8       0x1c build/bsp_driver_sd.o
                0x080046f8                BSP_SD_GetCardInfo
 .text.HAL_SD_AbortCallback
                0x08004714       0x14 build/bsp_driver_sd.o
                0x08004714                HAL_SD_AbortCallback
 .text.HAL_SD_TxCpltCallback
                0x08004728       0x14 build/bsp_driver_sd.o
                0x08004728                HAL_SD_TxCpltCallback
 .text.HAL_SD_RxCpltCallback
                0x0800473c       0x14 build/bsp_driver_sd.o
                0x0800473c                HAL_SD_RxCpltCallback
 .text.BSP_SD_AbortCallback
                0x08004750        0xe build/bsp_driver_sd.o
                0x08004750                BSP_SD_AbortCallback
 .text.BSP_SD_IsDetected
                0x0800475e       0x24 build/bsp_driver_sd.o
                0x0800475e                BSP_SD_IsDetected
 .text.SD_CheckStatusWithTimeout
                0x08004782       0x3a build/sd_diskio.o
 .text.SD_CheckStatus
                0x080047bc       0x3c build/sd_diskio.o
 .text.SD_initialize
                0x080047f8       0x38 build/sd_diskio.o
                0x080047f8                SD_initialize
 .text.SD_status
                0x08004830       0x1c build/sd_diskio.o
                0x08004830                SD_status
 .text.SD_read  0x0800484c       0xac build/sd_diskio.o
                0x0800484c                SD_read
 .text.SD_write
                0x080048f8       0xac build/sd_diskio.o
                0x080048f8                SD_write
 .text.SD_ioctl
                0x080049a4       0xb0 build/sd_diskio.o
                0x080049a4                SD_ioctl
 .text.BSP_SD_WriteCpltCallback
                0x08004a54       0x18 build/sd_diskio.o
                0x08004a54                BSP_SD_WriteCpltCallback
 .text.BSP_SD_ReadCpltCallback
                0x08004a6c       0x18 build/sd_diskio.o
                0x08004a6c                BSP_SD_ReadCpltCallback
 .text.BSP_PlatformIsDetected
                0x08004a84       0x2c build/fatfs_platform.o
                0x08004a84                BSP_PlatformIsDetected
 .text.MX_FATFS_Init
                0x08004ab0       0x24 build/fatfs.o
                0x08004ab0                MX_FATFS_Init
 .text.get_fattime
                0x08004ad4       0x10 build/fatfs.o
                0x08004ad4                get_fattime
 .text.HAL_ADC_Init
                0x08004ae4       0x86 build/stm32f4xx_hal_adc.o
                0x08004ae4                HAL_ADC_Init
 .text.HAL_ADC_IRQHandler
                0x08004b6a      0x220 build/stm32f4xx_hal_adc.o
                0x08004b6a                HAL_ADC_IRQHandler
 *fill*         0x08004d8a        0x2 
 .text.HAL_ADC_Start_DMA
                0x08004d8c      0x220 build/stm32f4xx_hal_adc.o
                0x08004d8c                HAL_ADC_Start_DMA
 .text.HAL_ADC_ConvHalfCpltCallback
                0x08004fac       0x14 build/stm32f4xx_hal_adc.o
                0x08004fac                HAL_ADC_ConvHalfCpltCallback
 .text.HAL_ADC_LevelOutOfWindowCallback
                0x08004fc0       0x14 build/stm32f4xx_hal_adc.o
                0x08004fc0                HAL_ADC_LevelOutOfWindowCallback
 .text.HAL_ADC_ErrorCallback
                0x08004fd4       0x14 build/stm32f4xx_hal_adc.o
                0x08004fd4                HAL_ADC_ErrorCallback
 .text.HAL_ADC_ConfigChannel
                0x08004fe8      0x244 build/stm32f4xx_hal_adc.o
                0x08004fe8                HAL_ADC_ConfigChannel
 .text.ADC_Init
                0x0800522c      0x1f8 build/stm32f4xx_hal_adc.o
 .text.ADC_DMAConvCplt
                0x08005424       0xba build/stm32f4xx_hal_adc.o
 .text.ADC_DMAHalfConvCplt
                0x080054de       0x1c build/stm32f4xx_hal_adc.o
 .text.ADC_DMAError
                0x080054fa       0x2e build/stm32f4xx_hal_adc.o
 .text.HAL_ADCEx_InjectedConvCpltCallback
                0x08005528       0x14 build/stm32f4xx_hal_adc_ex.o
                0x08005528                HAL_ADCEx_InjectedConvCpltCallback
 .text.HAL_RCC_OscConfig
                0x0800553c      0x4f0 build/stm32f4xx_hal_rcc.o
                0x0800553c                HAL_RCC_OscConfig
 .text.HAL_RCC_ClockConfig
                0x08005a2c      0x1cc build/stm32f4xx_hal_rcc.o
                0x08005a2c                HAL_RCC_ClockConfig
 .text.HAL_RCC_EnableCSS
                0x08005bf8       0x18 build/stm32f4xx_hal_rcc.o
                0x08005bf8                HAL_RCC_EnableCSS
 .text.HAL_RCC_GetSysClockFreq
                0x08005c10      0x20c build/stm32f4xx_hal_rcc.o
                0x08005c10                HAL_RCC_GetSysClockFreq
 .text.HAL_RCC_GetHCLKFreq
                0x08005e1c       0x18 build/stm32f4xx_hal_rcc.o
                0x08005e1c                HAL_RCC_GetHCLKFreq
 .text.HAL_RCC_GetPCLK1Freq
                0x08005e34       0x28 build/stm32f4xx_hal_rcc.o
                0x08005e34                HAL_RCC_GetPCLK1Freq
 .text.HAL_RCC_GetPCLK2Freq
                0x08005e5c       0x28 build/stm32f4xx_hal_rcc.o
                0x08005e5c                HAL_RCC_GetPCLK2Freq
 .text.HAL_RCC_NMI_IRQHandler
                0x08005e84       0x28 build/stm32f4xx_hal_rcc.o
                0x08005e84                HAL_RCC_NMI_IRQHandler
 .text.HAL_RCC_CSSCallback
                0x08005eac        0xe build/stm32f4xx_hal_rcc.o
                0x08005eac                HAL_RCC_CSSCallback
 *fill*         0x08005eba        0x2 
 .text.HAL_RCCEx_PeriphCLKConfig
                0x08005ebc      0x1c4 build/stm32f4xx_hal_rcc_ex.o
                0x08005ebc                HAL_RCCEx_PeriphCLKConfig
 .text.HAL_GPIO_Init
                0x08006080      0x338 build/stm32f4xx_hal_gpio.o
                0x08006080                HAL_GPIO_Init
 .text.HAL_GPIO_ReadPin
                0x080063b8       0x30 build/stm32f4xx_hal_gpio.o
                0x080063b8                HAL_GPIO_ReadPin
 .text.HAL_GPIO_WritePin
                0x080063e8       0x32 build/stm32f4xx_hal_gpio.o
                0x080063e8                HAL_GPIO_WritePin
 *fill*         0x0800641a        0x2 
 .text.HAL_GPIO_EXTI_IRQHandler
                0x0800641c       0x30 build/stm32f4xx_hal_gpio.o
                0x0800641c                HAL_GPIO_EXTI_IRQHandler
 .text.HAL_DMA_Init
                0x0800644c      0x15c build/stm32f4xx_hal_dma.o
                0x0800644c                HAL_DMA_Init
 .text.HAL_DMA_Start_IT
                0x080065a8       0xb0 build/stm32f4xx_hal_dma.o
                0x080065a8                HAL_DMA_Start_IT
 .text.HAL_DMA_Abort
                0x08006658       0xe0 build/stm32f4xx_hal_dma.o
                0x08006658                HAL_DMA_Abort
 .text.HAL_DMA_Abort_IT
                0x08006738       0x44 build/stm32f4xx_hal_dma.o
                0x08006738                HAL_DMA_Abort_IT
 .text.HAL_DMA_IRQHandler
                0x0800677c      0x314 build/stm32f4xx_hal_dma.o
                0x0800677c                HAL_DMA_IRQHandler
 .text.HAL_DMA_GetState
                0x08006a90       0x1c build/stm32f4xx_hal_dma.o
                0x08006a90                HAL_DMA_GetState
 .text.HAL_DMA_GetError
                0x08006aac       0x18 build/stm32f4xx_hal_dma.o
                0x08006aac                HAL_DMA_GetError
 .text.DMA_SetConfig
                0x08006ac4       0x5c build/stm32f4xx_hal_dma.o
 .text.DMA_CalcBaseAndBitshift
                0x08006b20       0x6c build/stm32f4xx_hal_dma.o
 .text.DMA_CheckFifoParam
                0x08006b8c       0xf8 build/stm32f4xx_hal_dma.o
 .text.__NVIC_SetPriorityGrouping
                0x08006c84       0x48 build/stm32f4xx_hal_cortex.o
 .text.__NVIC_GetPriorityGrouping
                0x08006ccc       0x1c build/stm32f4xx_hal_cortex.o
 .text.__NVIC_EnableIRQ
                0x08006ce8       0x3c build/stm32f4xx_hal_cortex.o
 .text.__NVIC_SetPriority
                0x08006d24       0x54 build/stm32f4xx_hal_cortex.o
 .text.NVIC_EncodePriority
                0x08006d78       0x66 build/stm32f4xx_hal_cortex.o
 *fill*         0x08006dde        0x2 
 .text.SysTick_Config
                0x08006de0       0x44 build/stm32f4xx_hal_cortex.o
 .text.HAL_NVIC_SetPriorityGrouping
                0x08006e24       0x16 build/stm32f4xx_hal_cortex.o
                0x08006e24                HAL_NVIC_SetPriorityGrouping
 .text.HAL_NVIC_SetPriority
                0x08006e3a       0x38 build/stm32f4xx_hal_cortex.o
                0x08006e3a                HAL_NVIC_SetPriority
 .text.HAL_NVIC_EnableIRQ
                0x08006e72       0x1c build/stm32f4xx_hal_cortex.o
                0x08006e72                HAL_NVIC_EnableIRQ
 .text.HAL_SYSTICK_Config
                0x08006e8e       0x18 build/stm32f4xx_hal_cortex.o
                0x08006e8e                HAL_SYSTICK_Config
 *fill*         0x08006ea6        0x2 
 .text.HAL_Init
                0x08006ea8       0x44 build/stm32f4xx_hal.o
                0x08006ea8                HAL_Init
 .text.HAL_InitTick
                0x08006eec       0x60 build/stm32f4xx_hal.o
                0x08006eec                HAL_InitTick
 .text.HAL_IncTick
                0x08006f4c       0x28 build/stm32f4xx_hal.o
                0x08006f4c                HAL_IncTick
 .text.HAL_GetTick
                0x08006f74       0x18 build/stm32f4xx_hal.o
                0x08006f74                HAL_GetTick
 .text.HAL_Delay
                0x08006f8c       0x48 build/stm32f4xx_hal.o
                0x08006f8c                HAL_Delay
 .text.HAL_CAN_Init
                0x08006fd4      0x1f6 build/stm32f4xx_hal_can.o
                0x08006fd4                HAL_CAN_Init
 *fill*         0x080071ca        0x2 
 .text.HAL_CAN_ConfigFilter
                0x080071cc      0x1c0 build/stm32f4xx_hal_can.o
                0x080071cc                HAL_CAN_ConfigFilter
 .text.HAL_CAN_Start
                0x0800738c       0x88 build/stm32f4xx_hal_can.o
                0x0800738c                HAL_CAN_Start
 .text.HAL_CAN_GetRxMessage
                0x08007414      0x224 build/stm32f4xx_hal_can.o
                0x08007414                HAL_CAN_GetRxMessage
 .text.HAL_CAN_ActivateNotification
                0x08007638       0x4c build/stm32f4xx_hal_can.o
                0x08007638                HAL_CAN_ActivateNotification
 .text.HAL_CAN_IRQHandler
                0x08007684      0x36e build/stm32f4xx_hal_can.o
                0x08007684                HAL_CAN_IRQHandler
 .text.HAL_CAN_TxMailbox0CompleteCallback
                0x080079f2       0x14 build/stm32f4xx_hal_can.o
                0x080079f2                HAL_CAN_TxMailbox0CompleteCallback
 .text.HAL_CAN_TxMailbox1CompleteCallback
                0x08007a06       0x14 build/stm32f4xx_hal_can.o
                0x08007a06                HAL_CAN_TxMailbox1CompleteCallback
 .text.HAL_CAN_TxMailbox2CompleteCallback
                0x08007a1a       0x14 build/stm32f4xx_hal_can.o
                0x08007a1a                HAL_CAN_TxMailbox2CompleteCallback
 .text.HAL_CAN_TxMailbox0AbortCallback
                0x08007a2e       0x14 build/stm32f4xx_hal_can.o
                0x08007a2e                HAL_CAN_TxMailbox0AbortCallback
 .text.HAL_CAN_TxMailbox1AbortCallback
                0x08007a42       0x14 build/stm32f4xx_hal_can.o
                0x08007a42                HAL_CAN_TxMailbox1AbortCallback
 .text.HAL_CAN_TxMailbox2AbortCallback
                0x08007a56       0x14 build/stm32f4xx_hal_can.o
                0x08007a56                HAL_CAN_TxMailbox2AbortCallback
 .text.HAL_CAN_RxFifo1MsgPendingCallback
                0x08007a6a       0x14 build/stm32f4xx_hal_can.o
                0x08007a6a                HAL_CAN_RxFifo1MsgPendingCallback
 .text.HAL_CAN_RxFifo1FullCallback
                0x08007a7e       0x14 build/stm32f4xx_hal_can.o
                0x08007a7e                HAL_CAN_RxFifo1FullCallback
 .text.HAL_CAN_SleepCallback
                0x08007a92       0x14 build/stm32f4xx_hal_can.o
                0x08007a92                HAL_CAN_SleepCallback
 .text.HAL_CAN_WakeUpFromRxMsgCallback
                0x08007aa6       0x14 build/stm32f4xx_hal_can.o
                0x08007aa6                HAL_CAN_WakeUpFromRxMsgCallback
 .text.HAL_CAN_GetState
                0x08007aba       0x50 build/stm32f4xx_hal_can.o
                0x08007aba                HAL_CAN_GetState
 .text.HAL_CAN_GetError
                0x08007b0a       0x18 build/stm32f4xx_hal_can.o
                0x08007b0a                HAL_CAN_GetError
 .text.HAL_CAN_ResetError
                0x08007b22       0x46 build/stm32f4xx_hal_can.o
                0x08007b22                HAL_CAN_ResetError
 .text.HAL_I2C_Init
                0x08007b68      0x288 build/stm32f4xx_hal_i2c.o
                0x08007b68                HAL_I2C_Init
 .text.HAL_I2C_Master_Transmit
                0x08007df0      0x1fc build/stm32f4xx_hal_i2c.o
                0x08007df0                HAL_I2C_Master_Transmit
 .text.HAL_I2C_Master_Transmit_IT
                0x08007fec      0x14c build/stm32f4xx_hal_i2c.o
                0x08007fec                HAL_I2C_Master_Transmit_IT
 .text.HAL_I2C_Master_Receive_IT
                0x08008138      0x15c build/stm32f4xx_hal_i2c.o
                0x08008138                HAL_I2C_Master_Receive_IT
 .text.HAL_I2C_Mem_Read_IT
                0x08008294      0x17c build/stm32f4xx_hal_i2c.o
                0x08008294                HAL_I2C_Mem_Read_IT
 .text.HAL_I2C_IsDeviceReady
                0x08008410      0x25c build/stm32f4xx_hal_i2c.o
                0x08008410                HAL_I2C_IsDeviceReady
 .text.HAL_I2C_EV_IRQHandler
                0x0800866c      0x2a6 build/stm32f4xx_hal_i2c.o
                0x0800866c                HAL_I2C_EV_IRQHandler
 .text.HAL_I2C_SlaveTxCpltCallback
                0x08008912       0x14 build/stm32f4xx_hal_i2c.o
                0x08008912                HAL_I2C_SlaveTxCpltCallback
 .text.HAL_I2C_SlaveRxCpltCallback
                0x08008926       0x14 build/stm32f4xx_hal_i2c.o
                0x08008926                HAL_I2C_SlaveRxCpltCallback
 .text.HAL_I2C_AddrCallback
                0x0800893a       0x1c build/stm32f4xx_hal_i2c.o
                0x0800893a                HAL_I2C_AddrCallback
 .text.HAL_I2C_ListenCpltCallback
                0x08008956       0x14 build/stm32f4xx_hal_i2c.o
                0x08008956                HAL_I2C_ListenCpltCallback
 .text.HAL_I2C_MemTxCpltCallback
                0x0800896a       0x14 build/stm32f4xx_hal_i2c.o
                0x0800896a                HAL_I2C_MemTxCpltCallback
 .text.HAL_I2C_AbortCpltCallback
                0x0800897e       0x14 build/stm32f4xx_hal_i2c.o
                0x0800897e                HAL_I2C_AbortCpltCallback
 .text.I2C_MasterTransmit_TXE
                0x08008992      0x138 build/stm32f4xx_hal_i2c.o
 .text.I2C_MasterTransmit_BTF
                0x08008aca       0xec build/stm32f4xx_hal_i2c.o
 .text.I2C_MemoryTransmit_TXE_BTF
                0x08008bb6      0x128 build/stm32f4xx_hal_i2c.o
 .text.I2C_MasterReceive_RXNE
                0x08008cde      0x176 build/stm32f4xx_hal_i2c.o
 .text.I2C_MasterReceive_BTF
                0x08008e54      0x1d4 build/stm32f4xx_hal_i2c.o
 .text.I2C_Master_SB
                0x08009028      0x10c build/stm32f4xx_hal_i2c.o
 .text.I2C_Master_ADD10
                0x08009134       0x54 build/stm32f4xx_hal_i2c.o
 .text.I2C_Master_ADDR
                0x08009188      0x322 build/stm32f4xx_hal_i2c.o
 .text.I2C_SlaveTransmit_TXE
                0x080094aa       0x7a build/stm32f4xx_hal_i2c.o
 .text.I2C_SlaveTransmit_BTF
                0x08009524       0x42 build/stm32f4xx_hal_i2c.o
 .text.I2C_SlaveReceive_RXNE
                0x08009566       0x7c build/stm32f4xx_hal_i2c.o
 .text.I2C_SlaveReceive_BTF
                0x080095e2       0x44 build/stm32f4xx_hal_i2c.o
 .text.I2C_Slave_ADDR
                0x08009626       0x90 build/stm32f4xx_hal_i2c.o
 *fill*         0x080096b6        0x2 
 .text.I2C_Slave_STOPF
                0x080096b8      0x260 build/stm32f4xx_hal_i2c.o
 .text.I2C_ITError
                0x08009918      0x264 build/stm32f4xx_hal_i2c.o
 .text.I2C_MasterRequestWrite
                0x08009b7c      0x104 build/stm32f4xx_hal_i2c.o
 .text.I2C_DMAAbort
                0x08009c80      0x150 build/stm32f4xx_hal_i2c.o
 .text.I2C_WaitOnFlagUntilTimeout
                0x08009dd0       0xae build/stm32f4xx_hal_i2c.o
 .text.I2C_WaitOnMasterAddressFlagUntilTimeout
                0x08009e7e       0xfe build/stm32f4xx_hal_i2c.o
 .text.I2C_WaitOnTXEFlagUntilTimeout
                0x08009f7c       0x82 build/stm32f4xx_hal_i2c.o
 .text.I2C_WaitOnBTFFlagUntilTimeout
                0x08009ffe       0x82 build/stm32f4xx_hal_i2c.o
 .text.I2C_WaitOnSTOPRequestThroughIT
                0x0800a080       0x64 build/stm32f4xx_hal_i2c.o
 .text.I2C_IsAcknowledgeFailed
                0x0800a0e4       0x5e build/stm32f4xx_hal_i2c.o
 .text.I2C_ConvertOtherXferOptions
                0x0800a142       0x36 build/stm32f4xx_hal_i2c.o
 .text.HAL_RTC_Init
                0x0800a178       0xec build/stm32f4xx_hal_rtc.o
                0x0800a178                HAL_RTC_Init
 .text.HAL_RTC_SetTime
                0x0800a264      0x134 build/stm32f4xx_hal_rtc.o
                0x0800a264                HAL_RTC_SetTime
 .text.HAL_RTC_GetTime
                0x0800a398       0xbc build/stm32f4xx_hal_rtc.o
                0x0800a398                HAL_RTC_GetTime
 .text.HAL_RTC_SetDate
                0x0800a454      0x108 build/stm32f4xx_hal_rtc.o
                0x0800a454                HAL_RTC_SetDate
 .text.HAL_RTC_GetDate
                0x0800a55c       0x9e build/stm32f4xx_hal_rtc.o
                0x0800a55c                HAL_RTC_GetDate
 .text.HAL_RTC_WaitForSynchro
                0x0800a5fa       0x50 build/stm32f4xx_hal_rtc.o
                0x0800a5fa                HAL_RTC_WaitForSynchro
 .text.RTC_EnterInitMode
                0x0800a64a       0x6e build/stm32f4xx_hal_rtc.o
                0x0800a64a                RTC_EnterInitMode
 .text.RTC_ExitInitMode
                0x0800a6b8       0x4a build/stm32f4xx_hal_rtc.o
                0x0800a6b8                RTC_ExitInitMode
 .text.RTC_ByteToBcd2
                0x0800a702       0x3a build/stm32f4xx_hal_rtc.o
                0x0800a702                RTC_ByteToBcd2
 .text.RTC_Bcd2ToByte
                0x0800a73c       0x38 build/stm32f4xx_hal_rtc.o
                0x0800a73c                RTC_Bcd2ToByte
 .text.HAL_RTCEx_BKUPWrite
                0x0800a774       0x34 build/stm32f4xx_hal_rtc_ex.o
                0x0800a774                HAL_RTCEx_BKUPWrite
 .text.HAL_RTCEx_BKUPRead
                0x0800a7a8       0x30 build/stm32f4xx_hal_rtc_ex.o
                0x0800a7a8                HAL_RTCEx_BKUPRead
 .text.SDIO_Init
                0x0800a7d8       0x56 build/stm32f4xx_ll_sdmmc.o
                0x0800a7d8                SDIO_Init
 .text.SDIO_ReadFIFO
                0x0800a82e       0x1a build/stm32f4xx_ll_sdmmc.o
                0x0800a82e                SDIO_ReadFIFO
 .text.SDIO_WriteFIFO
                0x0800a848       0x22 build/stm32f4xx_ll_sdmmc.o
                0x0800a848                SDIO_WriteFIFO
 .text.SDIO_PowerState_ON
                0x0800a86a       0x1c build/stm32f4xx_ll_sdmmc.o
                0x0800a86a                SDIO_PowerState_ON
 .text.SDIO_GetPowerState
                0x0800a886       0x1c build/stm32f4xx_ll_sdmmc.o
                0x0800a886                SDIO_GetPowerState
 .text.SDIO_SendCommand
                0x0800a8a2       0x54 build/stm32f4xx_ll_sdmmc.o
                0x0800a8a2                SDIO_SendCommand
 .text.SDIO_GetCommandResponse
                0x0800a8f6       0x1a build/stm32f4xx_ll_sdmmc.o
                0x0800a8f6                SDIO_GetCommandResponse
 .text.SDIO_GetResponse
                0x0800a910       0x26 build/stm32f4xx_ll_sdmmc.o
                0x0800a910                SDIO_GetResponse
 .text.SDIO_ConfigData
                0x0800a936       0x58 build/stm32f4xx_ll_sdmmc.o
                0x0800a936                SDIO_ConfigData
 .text.SDMMC_CmdBlockLength
                0x0800a98e       0x44 build/stm32f4xx_ll_sdmmc.o
                0x0800a98e                SDMMC_CmdBlockLength
 .text.SDMMC_CmdReadSingleBlock
                0x0800a9d2       0x44 build/stm32f4xx_ll_sdmmc.o
                0x0800a9d2                SDMMC_CmdReadSingleBlock
 .text.SDMMC_CmdReadMultiBlock
                0x0800aa16       0x44 build/stm32f4xx_ll_sdmmc.o
                0x0800aa16                SDMMC_CmdReadMultiBlock
 .text.SDMMC_CmdWriteSingleBlock
                0x0800aa5a       0x44 build/stm32f4xx_ll_sdmmc.o
                0x0800aa5a                SDMMC_CmdWriteSingleBlock
 .text.SDMMC_CmdWriteMultiBlock
                0x0800aa9e       0x44 build/stm32f4xx_ll_sdmmc.o
                0x0800aa9e                SDMMC_CmdWriteMultiBlock
 *fill*         0x0800aae2        0x2 
 .text.SDMMC_CmdStopTransfer
                0x0800aae4       0x44 build/stm32f4xx_ll_sdmmc.o
                0x0800aae4                SDMMC_CmdStopTransfer
 .text.SDMMC_CmdSelDesel
                0x0800ab28       0x46 build/stm32f4xx_ll_sdmmc.o
                0x0800ab28                SDMMC_CmdSelDesel
 .text.SDMMC_CmdGoIdleState
                0x0800ab6e       0x3c build/stm32f4xx_ll_sdmmc.o
                0x0800ab6e                SDMMC_CmdGoIdleState
 .text.SDMMC_CmdOperCond
                0x0800abaa       0x3e build/stm32f4xx_ll_sdmmc.o
                0x0800abaa                SDMMC_CmdOperCond
 .text.SDMMC_CmdAppCommand
                0x0800abe8       0x44 build/stm32f4xx_ll_sdmmc.o
                0x0800abe8                SDMMC_CmdAppCommand
 .text.SDMMC_CmdAppOperCommand
                0x0800ac2c       0x46 build/stm32f4xx_ll_sdmmc.o
                0x0800ac2c                SDMMC_CmdAppOperCommand
 .text.SDMMC_CmdSendCID
                0x0800ac72       0x3c build/stm32f4xx_ll_sdmmc.o
                0x0800ac72                SDMMC_CmdSendCID
 .text.SDMMC_CmdSendCSD
                0x0800acae       0x3e build/stm32f4xx_ll_sdmmc.o
                0x0800acae                SDMMC_CmdSendCSD
 .text.SDMMC_CmdSetRelAdd
                0x0800acec       0x42 build/stm32f4xx_ll_sdmmc.o
                0x0800acec                SDMMC_CmdSetRelAdd
 .text.SDMMC_CmdSendStatus
                0x0800ad2e       0x44 build/stm32f4xx_ll_sdmmc.o
                0x0800ad2e                SDMMC_CmdSendStatus
 *fill*         0x0800ad72        0x2 
 .text.SDMMC_GetCmdResp1
                0x0800ad74      0x1dc build/stm32f4xx_ll_sdmmc.o
                0x0800ad74                SDMMC_GetCmdResp1
 .text.SDMMC_GetCmdResp2
                0x0800af50       0x90 build/stm32f4xx_ll_sdmmc.o
                0x0800af50                SDMMC_GetCmdResp2
 .text.SDMMC_GetCmdResp3
                0x0800afe0       0x7c build/stm32f4xx_ll_sdmmc.o
                0x0800afe0                SDMMC_GetCmdResp3
 .text.SDMMC_GetCmdResp6
                0x0800b05c       0xec build/stm32f4xx_ll_sdmmc.o
                0x0800b05c                SDMMC_GetCmdResp6
 .text.SDMMC_GetCmdResp7
                0x0800b148       0x9c build/stm32f4xx_ll_sdmmc.o
                0x0800b148                SDMMC_GetCmdResp7
 .text.SDMMC_GetCmdError
                0x0800b1e4       0x58 build/stm32f4xx_ll_sdmmc.o
 .text.HAL_SD_Init
                0x0800b23c       0x60 build/stm32f4xx_hal_sd.o
                0x0800b23c                HAL_SD_Init
 .text.HAL_SD_InitCard
                0x0800b29c      0x100 build/stm32f4xx_hal_sd.o
                0x0800b29c                HAL_SD_InitCard
 .text.HAL_SD_ReadBlocks_DMA
                0x0800b39c      0x1c4 build/stm32f4xx_hal_sd.o
                0x0800b39c                HAL_SD_ReadBlocks_DMA
 .text.HAL_SD_WriteBlocks_DMA
                0x0800b560      0x1cc build/stm32f4xx_hal_sd.o
                0x0800b560                HAL_SD_WriteBlocks_DMA
 .text.HAL_SD_IRQHandler
                0x0800b72c      0x30c build/stm32f4xx_hal_sd.o
                0x0800b72c                HAL_SD_IRQHandler
 .text.HAL_SD_ErrorCallback
                0x0800ba38       0x14 build/stm32f4xx_hal_sd.o
                0x0800ba38                HAL_SD_ErrorCallback
 .text.HAL_SD_GetCardCSD
                0x0800ba4c      0x348 build/stm32f4xx_hal_sd.o
                0x0800ba4c                HAL_SD_GetCardCSD
 .text.HAL_SD_GetCardInfo
                0x0800bd94       0x58 build/stm32f4xx_hal_sd.o
                0x0800bd94                HAL_SD_GetCardInfo
 .text.HAL_SD_GetCardState
                0x0800bdec       0x40 build/stm32f4xx_hal_sd.o
                0x0800bdec                HAL_SD_GetCardState
 .text.SD_DMATransmitCplt
                0x0800be2c       0x2a build/stm32f4xx_hal_sd.o
 .text.SD_DMAReceiveCplt
                0x0800be56       0x70 build/stm32f4xx_hal_sd.o
 *fill*         0x0800bec6        0x2 
 .text.SD_DMAError
                0x0800bec8       0xa4 build/stm32f4xx_hal_sd.o
 .text.SD_DMATxAbort
                0x0800bf6c       0x6e build/stm32f4xx_hal_sd.o
 .text.SD_DMARxAbort
                0x0800bfda       0x6e build/stm32f4xx_hal_sd.o
 .text.SD_InitCard
                0x0800c048      0x19c build/stm32f4xx_hal_sd.o
 .text.SD_PowerON
                0x0800c1e4      0x11c build/stm32f4xx_hal_sd.o
 .text.SD_SendStatus
                0x0800c300       0x50 build/stm32f4xx_hal_sd.o
 .text.SD_Read_IT
                0x0800c350       0xa2 build/stm32f4xx_hal_sd.o
 .text.SD_Write_IT
                0x0800c3f2       0xaa build/stm32f4xx_hal_sd.o
 .text.HAL_TIM_Base_Init
                0x0800c49c       0x9e build/stm32f4xx_hal_tim.o
                0x0800c49c                HAL_TIM_Base_Init
 *fill*         0x0800c53a        0x2 
 .text.HAL_TIM_Base_Start_IT
                0x0800c53c       0xe0 build/stm32f4xx_hal_tim.o
                0x0800c53c                HAL_TIM_Base_Start_IT
 .text.HAL_TIM_IC_Init
                0x0800c61c       0x9e build/stm32f4xx_hal_tim.o
                0x0800c61c                HAL_TIM_IC_Init
 .text.HAL_TIM_IC_MspInit
                0x0800c6ba       0x14 build/stm32f4xx_hal_tim.o
                0x0800c6ba                HAL_TIM_IC_MspInit
 *fill*         0x0800c6ce        0x2 
 .text.HAL_TIM_IC_Start_DMA
                0x0800c6d0      0x354 build/stm32f4xx_hal_tim.o
                0x0800c6d0                HAL_TIM_IC_Start_DMA
 .text.HAL_TIM_IRQHandler
                0x0800ca24      0x210 build/stm32f4xx_hal_tim.o
                0x0800ca24                HAL_TIM_IRQHandler
 .text.HAL_TIM_IC_ConfigChannel
                0x0800cc34      0x138 build/stm32f4xx_hal_tim.o
                0x0800cc34                HAL_TIM_IC_ConfigChannel
 .text.HAL_TIM_ConfigClockSource
                0x0800cd6c      0x18e build/stm32f4xx_hal_tim.o
                0x0800cd6c                HAL_TIM_ConfigClockSource
 .text.HAL_TIM_OC_DelayElapsedCallback
                0x0800cefa       0x14 build/stm32f4xx_hal_tim.o
                0x0800cefa                HAL_TIM_OC_DelayElapsedCallback
 .text.HAL_TIM_IC_CaptureHalfCpltCallback
                0x0800cf0e       0x14 build/stm32f4xx_hal_tim.o
                0x0800cf0e                HAL_TIM_IC_CaptureHalfCpltCallback
 .text.HAL_TIM_PWM_PulseFinishedCallback
                0x0800cf22       0x14 build/stm32f4xx_hal_tim.o
                0x0800cf22                HAL_TIM_PWM_PulseFinishedCallback
 .text.HAL_TIM_TriggerCallback
                0x0800cf36       0x14 build/stm32f4xx_hal_tim.o
                0x0800cf36                HAL_TIM_TriggerCallback
 .text.HAL_TIM_ErrorCallback
                0x0800cf4a       0x14 build/stm32f4xx_hal_tim.o
                0x0800cf4a                HAL_TIM_ErrorCallback
 .text.TIM_DMAError
                0x0800cf5e       0x92 build/stm32f4xx_hal_tim.o
                0x0800cf5e                TIM_DMAError
 .text.TIM_DMACaptureCplt
                0x0800cff0       0xc8 build/stm32f4xx_hal_tim.o
                0x0800cff0                TIM_DMACaptureCplt
 .text.TIM_DMACaptureHalfCplt
                0x0800d0b8       0x68 build/stm32f4xx_hal_tim.o
                0x0800d0b8                TIM_DMACaptureHalfCplt
 .text.TIM_Base_SetConfig
                0x0800d120      0x140 build/stm32f4xx_hal_tim.o
                0x0800d120                TIM_Base_SetConfig
 .text.TIM_TI1_SetConfig
                0x0800d260       0xe8 build/stm32f4xx_hal_tim.o
                0x0800d260                TIM_TI1_SetConfig
 .text.TIM_TI1_ConfigInputStage
                0x0800d348       0x5e build/stm32f4xx_hal_tim.o
 .text.TIM_TI2_SetConfig
                0x0800d3a6       0x7a build/stm32f4xx_hal_tim.o
 .text.TIM_TI2_ConfigInputStage
                0x0800d420       0x60 build/stm32f4xx_hal_tim.o
 .text.TIM_TI3_SetConfig
                0x0800d480       0x78 build/stm32f4xx_hal_tim.o
 .text.TIM_TI4_SetConfig
                0x0800d4f8       0x7a build/stm32f4xx_hal_tim.o
 .text.TIM_ITRx_SetConfig
                0x0800d572       0x36 build/stm32f4xx_hal_tim.o
 .text.TIM_ETR_SetConfig
                0x0800d5a8       0x40 build/stm32f4xx_hal_tim.o
                0x0800d5a8                TIM_ETR_SetConfig
 .text.TIM_CCxChannelCmd
                0x0800d5e8       0x4a build/stm32f4xx_hal_tim.o
                0x0800d5e8                TIM_CCxChannelCmd
 *fill*         0x0800d632        0x2 
 .text.HAL_TIMEx_MasterConfigSynchronization
                0x0800d634       0xf8 build/stm32f4xx_hal_tim_ex.o
                0x0800d634                HAL_TIMEx_MasterConfigSynchronization
 .text.HAL_TIMEx_CommutCallback
                0x0800d72c       0x14 build/stm32f4xx_hal_tim_ex.o
                0x0800d72c                HAL_TIMEx_CommutCallback
 .text.HAL_TIMEx_BreakCallback
                0x0800d740       0x14 build/stm32f4xx_hal_tim_ex.o
                0x0800d740                HAL_TIMEx_BreakCallback
 .text.HAL_UART_Init
                0x0800d754       0x9a build/stm32f4xx_hal_uart.o
                0x0800d754                HAL_UART_Init
 .text.HAL_UART_Transmit
                0x0800d7ee      0x124 build/stm32f4xx_hal_uart.o
                0x0800d7ee                HAL_UART_Transmit
 .text.HAL_UART_Transmit_IT
                0x0800d912       0x8a build/stm32f4xx_hal_uart.o
                0x0800d912                HAL_UART_Transmit_IT
 .text.HAL_UART_Receive_IT
                0x0800d99c       0x60 build/stm32f4xx_hal_uart.o
                0x0800d99c                HAL_UART_Receive_IT
 .text.HAL_UARTEx_ReceiveToIdle_DMA
                0x0800d9fc       0xca build/stm32f4xx_hal_uart.o
                0x0800d9fc                HAL_UARTEx_ReceiveToIdle_DMA
 *fill*         0x0800dac6        0x2 
 .text.HAL_UART_IRQHandler
                0x0800dac8      0x51c build/stm32f4xx_hal_uart.o
                0x0800dac8                HAL_UART_IRQHandler
 .text.HAL_UART_RxHalfCpltCallback
                0x0800dfe4       0x14 build/stm32f4xx_hal_uart.o
                0x0800dfe4                HAL_UART_RxHalfCpltCallback
 .text.HAL_UART_ErrorCallback
                0x0800dff8       0x14 build/stm32f4xx_hal_uart.o
                0x0800dff8                HAL_UART_ErrorCallback
 .text.UART_DMAReceiveCplt
                0x0800e00c      0x126 build/stm32f4xx_hal_uart.o
 .text.UART_DMARxHalfCplt
                0x0800e132       0x36 build/stm32f4xx_hal_uart.o
 .text.UART_DMAError
                0x0800e168       0x94 build/stm32f4xx_hal_uart.o
 .text.UART_WaitOnFlagUntilTimeout
                0x0800e1fc       0xdc build/stm32f4xx_hal_uart.o
 .text.UART_Start_Receive_IT
                0x0800e2d8       0x7c build/stm32f4xx_hal_uart.o
                0x0800e2d8                UART_Start_Receive_IT
 .text.UART_Start_Receive_DMA
                0x0800e354      0x13c build/stm32f4xx_hal_uart.o
                0x0800e354                UART_Start_Receive_DMA
 .text.UART_EndTxTransfer
                0x0800e490       0x50 build/stm32f4xx_hal_uart.o
 .text.UART_EndRxTransfer
                0x0800e4e0       0xc6 build/stm32f4xx_hal_uart.o
 .text.UART_DMAAbortOnError
                0x0800e5a6       0x28 build/stm32f4xx_hal_uart.o
 .text.UART_Transmit_IT
                0x0800e5ce       0xa0 build/stm32f4xx_hal_uart.o
 .text.UART_EndTransmit_IT
                0x0800e66e       0x30 build/stm32f4xx_hal_uart.o
 .text.UART_Receive_IT
                0x0800e69e      0x176 build/stm32f4xx_hal_uart.o
 .text.UART_SetConfig
                0x0800e814      0x4e8 build/stm32f4xx_hal_uart.o
 .text.SystemInit
                0x0800ecfc       0x24 build/system_stm32f4xx.o
                0x0800ecfc                SystemInit
 .text.disk_status
                0x0800ed20       0x34 build/diskio.o
                0x0800ed20                disk_status
 .text.disk_initialize
                0x0800ed54       0x4c build/diskio.o
                0x0800ed54                disk_initialize
 .text.disk_read
                0x0800eda0       0x40 build/diskio.o
                0x0800eda0                disk_read
 .text.disk_write
                0x0800ede0       0x40 build/diskio.o
                0x0800ede0                disk_write
 .text.disk_ioctl
                0x0800ee20       0x3c build/diskio.o
                0x0800ee20                disk_ioctl
 .text.ld_word  0x0800ee5c       0x30 build/ff.o
 .text.ld_dword
                0x0800ee8c       0x46 build/ff.o
 .text.st_word  0x0800eed2       0x36 build/ff.o
 .text.st_dword
                0x0800ef08       0x58 build/ff.o
 .text.mem_cpy  0x0800ef60       0x42 build/ff.o
 .text.mem_set  0x0800efa2       0x36 build/ff.o
 .text.mem_cmp  0x0800efd8       0x4e build/ff.o
 .text.chk_chr  0x0800f026       0x36 build/ff.o
 .text.chk_lock
                0x0800f05c       0xb8 build/ff.o
 .text.enq_lock
                0x0800f114       0x44 build/ff.o
 .text.inc_lock
                0x0800f158      0x11c build/ff.o
 .text.clear_lock
                0x0800f274       0x48 build/ff.o
 .text.sync_window
                0x0800f2bc       0x88 build/ff.o
 .text.move_window
                0x0800f344       0x5a build/ff.o
 *fill*         0x0800f39e        0x2 
 .text.sync_fs  0x0800f3a0       0xe0 build/ff.o
 .text.clust2sect
                0x0800f480       0x3e build/ff.o
 .text.get_fat  0x0800f4be      0x1a6 build/ff.o
 .text.put_fat  0x0800f664      0x234 build/ff.o
 .text.remove_chain
                0x0800f898       0xca build/ff.o
 .text.create_chain
                0x0800f962      0x130 build/ff.o
 .text.clmt_clust
                0x0800fa92       0x70 build/ff.o
 .text.dir_sdi  0x0800fb02      0x112 build/ff.o
 .text.dir_next
                0x0800fc14      0x1ac build/ff.o
 .text.dir_alloc
                0x0800fdc0       0x8e build/ff.o
 .text.ld_clust
                0x0800fe4e       0x3e build/ff.o
 .text.st_clust
                0x0800fe8c       0x40 build/ff.o
 .text.cmp_lfn  0x0800fecc       0xe0 build/ff.o
 .text.put_lfn  0x0800ffac       0xd0 build/ff.o
 .text.gen_numname
                0x0801007c      0x11c build/ff.o
 .text.sum_sfn  0x08010198       0x42 build/ff.o
 .text.dir_find
                0x080101da      0x180 build/ff.o
 *fill*         0x0801035a        0x2 
 .text.dir_register
                0x0801035c      0x1f0 build/ff.o
 .text.create_name
                0x0801054c      0x370 build/ff.o
 .text.follow_path
                0x080108bc       0xec build/ff.o
 .text.get_ldnumber
                0x080109a8       0x88 build/ff.o
 .text.check_fs
                0x08010a30       0xac build/ff.o
 .text.find_volume
                0x08010adc      0x50c build/ff.o
 .text.validate
                0x08010fe8       0x6a build/ff.o
 *fill*         0x08011052        0x2 
 .text.f_mount  0x08011054       0x8c build/ff.o
                0x08011054                f_mount
 .text.f_open   0x080110e0      0x390 build/ff.o
                0x080110e0                f_open
 .text.f_write  0x08011470      0x328 build/ff.o
                0x08011470                f_write
 .text.f_sync   0x08011798       0xfc build/ff.o
                0x08011798                f_sync
 .text.FATFS_LinkDriverEx
                0x08011894       0x98 build/ff_gen_drv.o
                0x08011894                FATFS_LinkDriverEx
 .text.FATFS_LinkDriver
                0x0801192c       0x1e build/ff_gen_drv.o
                0x0801192c                FATFS_LinkDriver
 *fill*         0x0801194a        0x2 
 .text.ff_convert
                0x0801194c       0x78 build/ccsbcs.o
                0x0801194c                ff_convert
 .text.ff_wtoupper
                0x080119c4      0x114 build/ccsbcs.o
                0x080119c4                ff_wtoupper
 .text.Reset_Handler
                0x08011ad8       0x50 build/startup_stm32f407xx.o
                0x08011ad8                Reset_Handler
 .text.Default_Handler
                0x08011b28        0x2 build/startup_stm32f407xx.o
                0x08011b28                RTC_Alarm_IRQHandler
                0x08011b28                HASH_RNG_IRQHandler
                0x08011b28                EXTI2_IRQHandler
                0x08011b28                TIM8_CC_IRQHandler
                0x08011b28                TIM1_CC_IRQHandler
                0x08011b28                DMA2_Stream5_IRQHandler
                0x08011b28                DMA1_Stream5_IRQHandler
                0x08011b28                PVD_IRQHandler
                0x08011b28                TAMP_STAMP_IRQHandler
                0x08011b28                CAN2_RX1_IRQHandler
                0x08011b28                EXTI3_IRQHandler
                0x08011b28                TIM8_TRG_COM_TIM14_IRQHandler
                0x08011b28                TIM8_UP_TIM13_IRQHandler
                0x08011b28                I2C3_ER_IRQHandler
                0x08011b28                EXTI0_IRQHandler
                0x08011b28                I2C2_EV_IRQHandler
                0x08011b28                FPU_IRQHandler
                0x08011b28                OTG_HS_WKUP_IRQHandler
                0x08011b28                CAN2_SCE_IRQHandler
                0x08011b28                SPI1_IRQHandler
                0x08011b28                TIM6_DAC_IRQHandler
                0x08011b28                TIM1_BRK_TIM9_IRQHandler
                0x08011b28                DCMI_IRQHandler
                0x08011b28                CAN2_RX0_IRQHandler
                0x08011b28                UART5_IRQHandler
                0x08011b28                TIM4_IRQHandler
                0x08011b28                DMA1_Stream6_IRQHandler
                0x08011b28                UART4_IRQHandler
                0x08011b28                TIM3_IRQHandler
                0x08011b28                RCC_IRQHandler
                0x08011b28                TIM8_BRK_TIM12_IRQHandler
                0x08011b28                Default_Handler
                0x08011b28                EXTI15_10_IRQHandler
                0x08011b28                DMA1_Stream7_IRQHandler
                0x08011b28                TIM7_IRQHandler
                0x08011b28                CAN2_TX_IRQHandler
                0x08011b28                DMA2_Stream7_IRQHandler
                0x08011b28                RTC_WKUP_IRQHandler
                0x08011b28                ETH_WKUP_IRQHandler
                0x08011b28                SPI2_IRQHandler
                0x08011b28                OTG_HS_EP1_IN_IRQHandler
                0x08011b28                EXTI4_IRQHandler
                0x08011b28                FSMC_IRQHandler
                0x08011b28                ETH_IRQHandler
                0x08011b28                OTG_HS_EP1_OUT_IRQHandler
                0x08011b28                WWDG_IRQHandler
                0x08011b28                TIM2_IRQHandler
                0x08011b28                OTG_FS_WKUP_IRQHandler
                0x08011b28                TIM1_TRG_COM_TIM11_IRQHandler
                0x08011b28                OTG_HS_IRQHandler
                0x08011b28                EXTI1_IRQHandler
                0x08011b28                USART2_IRQHandler
                0x08011b28                I2C2_ER_IRQHandler
                0x08011b28                DMA2_Stream1_IRQHandler
                0x08011b28                FLASH_IRQHandler
                0x08011b28                DMA2_Stream4_IRQHandler
                0x08011b28                OTG_FS_IRQHandler
                0x08011b28                SPI3_IRQHandler
                0x08011b28                I2C1_ER_IRQHandler
 *fill*         0x08011b2a        0x2 
 .text.__assert_func
                0x08011b2c       0x3c C:/ST/STM32CubeIDE_1.15.0/STM32CubeIDE/plugins/com.st.stm32cube.ide.mcu.externaltools.gnu-tools-for-stm32.12.3.rel1.win32_1.0.100.202403111256/tools/bin/../lib/gcc/arm-none-eabi/12.3.1/../../../../arm-none-eabi/lib/thumb/v7e-m+fp/hard\libc_nano.a(libc_a-assert.o)
                0x08011b2c                __assert_func
 .text.atof     0x08011b68        0x6 C:/ST/STM32CubeIDE_1.15.0/STM32CubeIDE/plugins/com.st.stm32cube.ide.mcu.externaltools.gnu-tools-for-stm32.12.3.rel1.win32_1.0.100.202403111256/tools/bin/../lib/gcc/arm-none-eabi/12.3.1/../../../../arm-none-eabi/lib/thumb/v7e-m+fp/hard\libc_nano.a(libc_a-atof.o)
                0x08011b68                atof
 .text.atoi     0x08011b6e        0x8 C:/ST/STM32CubeIDE_1.15.0/STM32CubeIDE/plugins/com.st.stm32cube.ide.mcu.externaltools.gnu-tools-for-stm32.12.3.rel1.win32_1.0.100.202403111256/tools/bin/../lib/gcc/arm-none-eabi/12.3.1/../../../../arm-none-eabi/lib/thumb/v7e-m+fp/hard\libc_nano.a(libc_a-atoi.o)
                0x08011b6e                atoi
 .text.sulp     0x08011b76       0x3c C:/ST/STM32CubeIDE_1.15.0/STM32CubeIDE/plugins/com.st.stm32cube.ide.mcu.externaltools.gnu-tools-for-stm32.12.3.rel1.win32_1.0.100.202403111256/tools/bin/../lib/gcc/arm-none-eabi/12.3.1/../../../../arm-none-eabi/lib/thumb/v7e-m+fp/hard\libc_nano.a(libc_a-strtod.o)
 *fill*         0x08011bb2        0x6 
 .text._strtod_l
                0x08011bb8      0xbc8 C:/ST/STM32CubeIDE_1.15.0/STM32CubeIDE/plugins/com.st.stm32cube.ide.mcu.externaltools.gnu-tools-for-stm32.12.3.rel1.win32_1.0.100.202403111256/tools/bin/../lib/gcc/arm-none-eabi/12.3.1/../../../../arm-none-eabi/lib/thumb/v7e-m+fp/hard\libc_nano.a(libc_a-strtod.o)
                0x08011bb8                _strtod_l
 .text.strtod   0x08012780       0x18 C:/ST/STM32CubeIDE_1.15.0/STM32CubeIDE/plugins/com.st.stm32cube.ide.mcu.externaltools.gnu-tools-for-stm32.12.3.rel1.win32_1.0.100.202403111256/tools/bin/../lib/gcc/arm-none-eabi/12.3.1/../../../../arm-none-eabi/lib/thumb/v7e-m+fp/hard\libc_nano.a(libc_a-strtod.o)
                0x08012780                strtod
 .text._strtol_l.constprop.0
                0x08012798       0xf4 C:/ST/STM32CubeIDE_1.15.0/STM32CubeIDE/plugins/com.st.stm32cube.ide.mcu.externaltools.gnu-tools-for-stm32.12.3.rel1.win32_1.0.100.202403111256/tools/bin/../lib/gcc/arm-none-eabi/12.3.1/../../../../arm-none-eabi/lib/thumb/v7e-m+fp/hard\libc_nano.a(libc_a-strtol.o)
 .text.strtol   0x0801288c       0x14 C:/ST/STM32CubeIDE_1.15.0/STM32CubeIDE/plugins/com.st.stm32cube.ide.mcu.externaltools.gnu-tools-for-stm32.12.3.rel1.win32_1.0.100.202403111256/tools/bin/../lib/gcc/arm-none-eabi/12.3.1/../../../../arm-none-eabi/lib/thumb/v7e-m+fp/hard\libc_nano.a(libc_a-strtol.o)
                0x0801288c                strtol
 .text.std      0x080128a0       0x6c C:/ST/STM32CubeIDE_1.15.0/STM32CubeIDE/plugins/com.st.stm32cube.ide.mcu.externaltools.gnu-tools-for-stm32.12.3.rel1.win32_1.0.100.202403111256/tools/bin/../lib/gcc/arm-none-eabi/12.3.1/../../../../arm-none-eabi/lib/thumb/v7e-m+fp/hard\libc_nano.a(libc_a-findfp.o)
 .text.stdio_exit_handler
                0x0801290c       0x18 C:/ST/STM32CubeIDE_1.15.0/STM32CubeIDE/plugins/com.st.stm32cube.ide.mcu.externaltools.gnu-tools-for-stm32.12.3.rel1.win32_1.0.100.202403111256/tools/bin/../lib/gcc/arm-none-eabi/12.3.1/../../../../arm-none-eabi/lib/thumb/v7e-m+fp/hard\libc_nano.a(libc_a-findfp.o)
 .text.cleanup_stdio
                0x08012924       0x40 C:/ST/STM32CubeIDE_1.15.0/STM32CubeIDE/plugins/com.st.stm32cube.ide.mcu.externaltools.gnu-tools-for-stm32.12.3.rel1.win32_1.0.100.202403111256/tools/bin/../lib/gcc/arm-none-eabi/12.3.1/../../../../arm-none-eabi/lib/thumb/v7e-m+fp/hard\libc_nano.a(libc_a-findfp.o)
 .text.global_stdio_init.part.0
                0x08012964       0x3c C:/ST/STM32CubeIDE_1.15.0/STM32CubeIDE/plugins/com.st.stm32cube.ide.mcu.externaltools.gnu-tools-for-stm32.12.3.rel1.win32_1.0.100.202403111256/tools/bin/../lib/gcc/arm-none-eabi/12.3.1/../../../../arm-none-eabi/lib/thumb/v7e-m+fp/hard\libc_nano.a(libc_a-findfp.o)
 .text.__sfp_lock_acquire
                0x080129a0        0xc C:/ST/STM32CubeIDE_1.15.0/STM32CubeIDE/plugins/com.st.stm32cube.ide.mcu.externaltools.gnu-tools-for-stm32.12.3.rel1.win32_1.0.100.202403111256/tools/bin/../lib/gcc/arm-none-eabi/12.3.1/../../../../arm-none-eabi/lib/thumb/v7e-m+fp/hard\libc_nano.a(libc_a-findfp.o)
                0x080129a0                __sfp_lock_acquire
 .text.__sfp_lock_release
                0x080129ac        0xc C:/ST/STM32CubeIDE_1.15.0/STM32CubeIDE/plugins/com.st.stm32cube.ide.mcu.externaltools.gnu-tools-for-stm32.12.3.rel1.win32_1.0.100.202403111256/tools/bin/../lib/gcc/arm-none-eabi/12.3.1/../../../../arm-none-eabi/lib/thumb/v7e-m+fp/hard\libc_nano.a(libc_a-findfp.o)
                0x080129ac                __sfp_lock_release
 .text.__sinit  0x080129b8       0x30 C:/ST/STM32CubeIDE_1.15.0/STM32CubeIDE/plugins/com.st.stm32cube.ide.mcu.externaltools.gnu-tools-for-stm32.12.3.rel1.win32_1.0.100.202403111256/tools/bin/../lib/gcc/arm-none-eabi/12.3.1/../../../../arm-none-eabi/lib/thumb/v7e-m+fp/hard\libc_nano.a(libc_a-findfp.o)
                0x080129b8                __sinit
 .text.fprintf  0x080129e8       0x24 C:/ST/STM32CubeIDE_1.15.0/STM32CubeIDE/plugins/com.st.stm32cube.ide.mcu.externaltools.gnu-tools-for-stm32.12.3.rel1.win32_1.0.100.202403111256/tools/bin/../lib/gcc/arm-none-eabi/12.3.1/../../../../arm-none-eabi/lib/thumb/v7e-m+fp/hard\libc_nano.a(libc_a-fprintf.o)
                0x080129e8                fiprintf
                0x080129e8                fprintf
 .text._fwalk_sglue
                0x08012a0c       0x3c C:/ST/STM32CubeIDE_1.15.0/STM32CubeIDE/plugins/com.st.stm32cube.ide.mcu.externaltools.gnu-tools-for-stm32.12.3.rel1.win32_1.0.100.202403111256/tools/bin/../lib/gcc/arm-none-eabi/12.3.1/../../../../arm-none-eabi/lib/thumb/v7e-m+fp/hard\libc_nano.a(libc_a-fwalk.o)
                0x08012a0c                _fwalk_sglue
 .text.sprintf  0x08012a48       0x40 C:/ST/STM32CubeIDE_1.15.0/STM32CubeIDE/plugins/com.st.stm32cube.ide.mcu.externaltools.gnu-tools-for-stm32.12.3.rel1.win32_1.0.100.202403111256/tools/bin/../lib/gcc/arm-none-eabi/12.3.1/../../../../arm-none-eabi/lib/thumb/v7e-m+fp/hard\libc_nano.a(libc_a-sprintf.o)
                0x08012a48                siprintf
                0x08012a48                sprintf
 .text.__sread  0x08012a88       0x22 C:/ST/STM32CubeIDE_1.15.0/STM32CubeIDE/plugins/com.st.stm32cube.ide.mcu.externaltools.gnu-tools-for-stm32.12.3.rel1.win32_1.0.100.202403111256/tools/bin/../lib/gcc/arm-none-eabi/12.3.1/../../../../arm-none-eabi/lib/thumb/v7e-m+fp/hard\libc_nano.a(libc_a-stdio.o)
                0x08012a88                __sread
 .text.__swrite
                0x08012aaa       0x38 C:/ST/STM32CubeIDE_1.15.0/STM32CubeIDE/plugins/com.st.stm32cube.ide.mcu.externaltools.gnu-tools-for-stm32.12.3.rel1.win32_1.0.100.202403111256/tools/bin/../lib/gcc/arm-none-eabi/12.3.1/../../../../arm-none-eabi/lib/thumb/v7e-m+fp/hard\libc_nano.a(libc_a-stdio.o)
                0x08012aaa                __swrite
 .text.__sseek  0x08012ae2       0x24 C:/ST/STM32CubeIDE_1.15.0/STM32CubeIDE/plugins/com.st.stm32cube.ide.mcu.externaltools.gnu-tools-for-stm32.12.3.rel1.win32_1.0.100.202403111256/tools/bin/../lib/gcc/arm-none-eabi/12.3.1/../../../../arm-none-eabi/lib/thumb/v7e-m+fp/hard\libc_nano.a(libc_a-stdio.o)
                0x08012ae2                __sseek
 .text.__sclose
                0x08012b06        0x8 C:/ST/STM32CubeIDE_1.15.0/STM32CubeIDE/plugins/com.st.stm32cube.ide.mcu.externaltools.gnu-tools-for-stm32.12.3.rel1.win32_1.0.100.202403111256/tools/bin/../lib/gcc/arm-none-eabi/12.3.1/../../../../arm-none-eabi/lib/thumb/v7e-m+fp/hard\libc_nano.a(libc_a-stdio.o)
                0x08012b06                __sclose
 .text.memset   0x08012b0e       0x10 C:/ST/STM32CubeIDE_1.15.0/STM32CubeIDE/plugins/com.st.stm32cube.ide.mcu.externaltools.gnu-tools-for-stm32.12.3.rel1.win32_1.0.100.202403111256/tools/bin/../lib/gcc/arm-none-eabi/12.3.1/../../../../arm-none-eabi/lib/thumb/v7e-m+fp/hard\libc_nano.a(libc_a-memset.o)
                0x08012b0e                memset
 .text.strchr   0x08012b1e       0x1a C:/ST/STM32CubeIDE_1.15.0/STM32CubeIDE/plugins/com.st.stm32cube.ide.mcu.externaltools.gnu-tools-for-stm32.12.3.rel1.win32_1.0.100.202403111256/tools/bin/../lib/gcc/arm-none-eabi/12.3.1/../../../../arm-none-eabi/lib/thumb/v7e-m+fp/hard\libc_nano.a(libc_a-strchr.o)
                0x08012b1e                strchr
 .text.strncmp  0x08012b38       0x24 C:/ST/STM32CubeIDE_1.15.0/STM32CubeIDE/plugins/com.st.stm32cube.ide.mcu.externaltools.gnu-tools-for-stm32.12.3.rel1.win32_1.0.100.202403111256/tools/bin/../lib/gcc/arm-none-eabi/12.3.1/../../../../arm-none-eabi/lib/thumb/v7e-m+fp/hard\libc_nano.a(libc_a-strncmp.o)
                0x08012b38                strncmp
 .text.strncpy  0x08012b5c       0x26 C:/ST/STM32CubeIDE_1.15.0/STM32CubeIDE/plugins/com.st.stm32cube.ide.mcu.externaltools.gnu-tools-for-stm32.12.3.rel1.win32_1.0.100.202403111256/tools/bin/../lib/gcc/arm-none-eabi/12.3.1/../../../../arm-none-eabi/lib/thumb/v7e-m+fp/hard\libc_nano.a(libc_a-strncpy.o)
                0x08012b5c                strncpy
 *fill*         0x08012b82        0x2 
 .text._close_r
                0x08012b84       0x20 C:/ST/STM32CubeIDE_1.15.0/STM32CubeIDE/plugins/com.st.stm32cube.ide.mcu.externaltools.gnu-tools-for-stm32.12.3.rel1.win32_1.0.100.202403111256/tools/bin/../lib/gcc/arm-none-eabi/12.3.1/../../../../arm-none-eabi/lib/thumb/v7e-m+fp/hard\libc_nano.a(libc_a-closer.o)
                0x08012b84                _close_r
 .text._lseek_r
                0x08012ba4       0x24 C:/ST/STM32CubeIDE_1.15.0/STM32CubeIDE/plugins/com.st.stm32cube.ide.mcu.externaltools.gnu-tools-for-stm32.12.3.rel1.win32_1.0.100.202403111256/tools/bin/../lib/gcc/arm-none-eabi/12.3.1/../../../../arm-none-eabi/lib/thumb/v7e-m+fp/hard\libc_nano.a(libc_a-lseekr.o)
                0x08012ba4                _lseek_r
 .text._read_r  0x08012bc8       0x24 C:/ST/STM32CubeIDE_1.15.0/STM32CubeIDE/plugins/com.st.stm32cube.ide.mcu.externaltools.gnu-tools-for-stm32.12.3.rel1.win32_1.0.100.202403111256/tools/bin/../lib/gcc/arm-none-eabi/12.3.1/../../../../arm-none-eabi/lib/thumb/v7e-m+fp/hard\libc_nano.a(libc_a-readr.o)
                0x08012bc8                _read_r
 .text._write_r
                0x08012bec       0x24 C:/ST/STM32CubeIDE_1.15.0/STM32CubeIDE/plugins/com.st.stm32cube.ide.mcu.externaltools.gnu-tools-for-stm32.12.3.rel1.win32_1.0.100.202403111256/tools/bin/../lib/gcc/arm-none-eabi/12.3.1/../../../../arm-none-eabi/lib/thumb/v7e-m+fp/hard\libc_nano.a(libc_a-writer.o)
                0x08012bec                _write_r
 .text.__errno  0x08012c10        0xc C:/ST/STM32CubeIDE_1.15.0/STM32CubeIDE/plugins/com.st.stm32cube.ide.mcu.externaltools.gnu-tools-for-stm32.12.3.rel1.win32_1.0.100.202403111256/tools/bin/../lib/gcc/arm-none-eabi/12.3.1/../../../../arm-none-eabi/lib/thumb/v7e-m+fp/hard\libc_nano.a(libc_a-errno.o)
                0x08012c10                __errno
 .text.__libc_init_array
                0x08012c1c       0x48 C:/ST/STM32CubeIDE_1.15.0/STM32CubeIDE/plugins/com.st.stm32cube.ide.mcu.externaltools.gnu-tools-for-stm32.12.3.rel1.win32_1.0.100.202403111256/tools/bin/../lib/gcc/arm-none-eabi/12.3.1/../../../../arm-none-eabi/lib/thumb/v7e-m+fp/hard\libc_nano.a(libc_a-init.o)
                0x08012c1c                __libc_init_array
 .text.__retarget_lock_init_recursive
                0x08012c64        0x2 C:/ST/STM32CubeIDE_1.15.0/STM32CubeIDE/plugins/com.st.stm32cube.ide.mcu.externaltools.gnu-tools-for-stm32.12.3.rel1.win32_1.0.100.202403111256/tools/bin/../lib/gcc/arm-none-eabi/12.3.1/../../../../arm-none-eabi/lib/thumb/v7e-m+fp/hard\libc_nano.a(libc_a-lock.o)
                0x08012c64                __retarget_lock_init_recursive
 .text.__retarget_lock_acquire_recursive
                0x08012c66        0x2 C:/ST/STM32CubeIDE_1.15.0/STM32CubeIDE/plugins/com.st.stm32cube.ide.mcu.externaltools.gnu-tools-for-stm32.12.3.rel1.win32_1.0.100.202403111256/tools/bin/../lib/gcc/arm-none-eabi/12.3.1/../../../../arm-none-eabi/lib/thumb/v7e-m+fp/hard\libc_nano.a(libc_a-lock.o)
                0x08012c66                __retarget_lock_acquire_recursive
 .text.__retarget_lock_release_recursive
                0x08012c68        0x2 C:/ST/STM32CubeIDE_1.15.0/STM32CubeIDE/plugins/com.st.stm32cube.ide.mcu.externaltools.gnu-tools-for-stm32.12.3.rel1.win32_1.0.100.202403111256/tools/bin/../lib/gcc/arm-none-eabi/12.3.1/../../../../arm-none-eabi/lib/thumb/v7e-m+fp/hard\libc_nano.a(libc_a-lock.o)
                0x08012c68                __retarget_lock_release_recursive
 .text.memcpy   0x08012c6a       0x1c C:/ST/STM32CubeIDE_1.15.0/STM32CubeIDE/plugins/com.st.stm32cube.ide.mcu.externaltools.gnu-tools-for-stm32.12.3.rel1.win32_1.0.100.202403111256/tools/bin/../lib/gcc/arm-none-eabi/12.3.1/../../../../arm-none-eabi/lib/thumb/v7e-m+fp/hard\libc_nano.a(libc_a-memcpy-stub.o)
                0x08012c6a                memcpy
 *fill*         0x08012c86        0x2 
 .text.nan      0x08012c88       0x10 C:/ST/STM32CubeIDE_1.15.0/STM32CubeIDE/plugins/com.st.stm32cube.ide.mcu.externaltools.gnu-tools-for-stm32.12.3.rel1.win32_1.0.100.202403111256/tools/bin/../lib/gcc/arm-none-eabi/12.3.1/../../../../arm-none-eabi/lib/thumb/v7e-m+fp/hard\libc_nano.a(libm_a-s_nan.o)
                0x08012c88                nan
 .text.abort    0x08012c98        0xe C:/ST/STM32CubeIDE_1.15.0/STM32CubeIDE/plugins/com.st.stm32cube.ide.mcu.externaltools.gnu-tools-for-stm32.12.3.rel1.win32_1.0.100.202403111256/tools/bin/../lib/gcc/arm-none-eabi/12.3.1/../../../../arm-none-eabi/lib/thumb/v7e-m+fp/hard\libc_nano.a(libc_a-abort.o)
                0x08012c98                abort
 *fill*         0x08012ca6        0x2 
 .text._free_r  0x08012ca8       0x94 C:/ST/STM32CubeIDE_1.15.0/STM32CubeIDE/plugins/com.st.stm32cube.ide.mcu.externaltools.gnu-tools-for-stm32.12.3.rel1.win32_1.0.100.202403111256/tools/bin/../lib/gcc/arm-none-eabi/12.3.1/../../../../arm-none-eabi/lib/thumb/v7e-m+fp/hard\libc_nano.a(libc_a-freer.o)
                0x08012ca8                _free_r
 .text.rshift   0x08012d3c       0xa4 C:/ST/STM32CubeIDE_1.15.0/STM32CubeIDE/plugins/com.st.stm32cube.ide.mcu.externaltools.gnu-tools-for-stm32.12.3.rel1.win32_1.0.100.202403111256/tools/bin/../lib/gcc/arm-none-eabi/12.3.1/../../../../arm-none-eabi/lib/thumb/v7e-m+fp/hard\libc_nano.a(libc_a-gdtoa-gethex.o)
 .text.__hexdig_fun
                0x08012de0       0x2a C:/ST/STM32CubeIDE_1.15.0/STM32CubeIDE/plugins/com.st.stm32cube.ide.mcu.externaltools.gnu-tools-for-stm32.12.3.rel1.win32_1.0.100.202403111256/tools/bin/../lib/gcc/arm-none-eabi/12.3.1/../../../../arm-none-eabi/lib/thumb/v7e-m+fp/hard\libc_nano.a(libc_a-gdtoa-gethex.o)
                0x08012de0                __hexdig_fun
 *fill*         0x08012e0a        0x2 
 .text.__gethex
                0x08012e0c      0x420 C:/ST/STM32CubeIDE_1.15.0/STM32CubeIDE/plugins/com.st.stm32cube.ide.mcu.externaltools.gnu-tools-for-stm32.12.3.rel1.win32_1.0.100.202403111256/tools/bin/../lib/gcc/arm-none-eabi/12.3.1/../../../../arm-none-eabi/lib/thumb/v7e-m+fp/hard\libc_nano.a(libc_a-gdtoa-gethex.o)
                0x08012e0c                __gethex
 .text.L_shift  0x0801322c       0x24 C:/ST/STM32CubeIDE_1.15.0/STM32CubeIDE/plugins/com.st.stm32cube.ide.mcu.externaltools.gnu-tools-for-stm32.12.3.rel1.win32_1.0.100.202403111256/tools/bin/../lib/gcc/arm-none-eabi/12.3.1/../../../../arm-none-eabi/lib/thumb/v7e-m+fp/hard\libc_nano.a(libc_a-gdtoa-hexnan.o)
 .text.__match  0x08013250       0x28 C:/ST/STM32CubeIDE_1.15.0/STM32CubeIDE/plugins/com.st.stm32cube.ide.mcu.externaltools.gnu-tools-for-stm32.12.3.rel1.win32_1.0.100.202403111256/tools/bin/../lib/gcc/arm-none-eabi/12.3.1/../../../../arm-none-eabi/lib/thumb/v7e-m+fp/hard\libc_nano.a(libc_a-gdtoa-hexnan.o)
                0x08013250                __match
 .text.__hexnan
                0x08013278      0x136 C:/ST/STM32CubeIDE_1.15.0/STM32CubeIDE/plugins/com.st.stm32cube.ide.mcu.externaltools.gnu-tools-for-stm32.12.3.rel1.win32_1.0.100.202403111256/tools/bin/../lib/gcc/arm-none-eabi/12.3.1/../../../../arm-none-eabi/lib/thumb/v7e-m+fp/hard\libc_nano.a(libc_a-gdtoa-hexnan.o)
                0x08013278                __hexnan
 *fill*         0x080133ae        0x2 
 .text.sbrk_aligned
                0x080133b0       0x44 C:/ST/STM32CubeIDE_1.15.0/STM32CubeIDE/plugins/com.st.stm32cube.ide.mcu.externaltools.gnu-tools-for-stm32.12.3.rel1.win32_1.0.100.202403111256/tools/bin/../lib/gcc/arm-none-eabi/12.3.1/../../../../arm-none-eabi/lib/thumb/v7e-m+fp/hard\libc_nano.a(libc_a-mallocr.o)
 .text._malloc_r
                0x080133f4      0x100 C:/ST/STM32CubeIDE_1.15.0/STM32CubeIDE/plugins/com.st.stm32cube.ide.mcu.externaltools.gnu-tools-for-stm32.12.3.rel1.win32_1.0.100.202403111256/tools/bin/../lib/gcc/arm-none-eabi/12.3.1/../../../../arm-none-eabi/lib/thumb/v7e-m+fp/hard\libc_nano.a(libc_a-mallocr.o)
                0x080133f4                _malloc_r
 .text.__ascii_mbtowc
                0x080134f4       0x24 C:/ST/STM32CubeIDE_1.15.0/STM32CubeIDE/plugins/com.st.stm32cube.ide.mcu.externaltools.gnu-tools-for-stm32.12.3.rel1.win32_1.0.100.202403111256/tools/bin/../lib/gcc/arm-none-eabi/12.3.1/../../../../arm-none-eabi/lib/thumb/v7e-m+fp/hard\libc_nano.a(libc_a-mbtowc_r.o)
                0x080134f4                __ascii_mbtowc
 .text.__malloc_lock
                0x08013518        0xc C:/ST/STM32CubeIDE_1.15.0/STM32CubeIDE/plugins/com.st.stm32cube.ide.mcu.externaltools.gnu-tools-for-stm32.12.3.rel1.win32_1.0.100.202403111256/tools/bin/../lib/gcc/arm-none-eabi/12.3.1/../../../../arm-none-eabi/lib/thumb/v7e-m+fp/hard\libc_nano.a(libc_a-mlock.o)
                0x08013518                __malloc_lock
 .text.__malloc_unlock
                0x08013524        0xc C:/ST/STM32CubeIDE_1.15.0/STM32CubeIDE/plugins/com.st.stm32cube.ide.mcu.externaltools.gnu-tools-for-stm32.12.3.rel1.win32_1.0.100.202403111256/tools/bin/../lib/gcc/arm-none-eabi/12.3.1/../../../../arm-none-eabi/lib/thumb/v7e-m+fp/hard\libc_nano.a(libc_a-mlock.o)
                0x08013524                __malloc_unlock
 .text._Balloc  0x08013530       0x80 C:/ST/STM32CubeIDE_1.15.0/STM32CubeIDE/plugins/com.st.stm32cube.ide.mcu.externaltools.gnu-tools-for-stm32.12.3.rel1.win32_1.0.100.202403111256/tools/bin/../lib/gcc/arm-none-eabi/12.3.1/../../../../arm-none-eabi/lib/thumb/v7e-m+fp/hard\libc_nano.a(libc_a-mprec.o)
                0x08013530                _Balloc
 .text._Bfree   0x080135b0       0x44 C:/ST/STM32CubeIDE_1.15.0/STM32CubeIDE/plugins/com.st.stm32cube.ide.mcu.externaltools.gnu-tools-for-stm32.12.3.rel1.win32_1.0.100.202403111256/tools/bin/../lib/gcc/arm-none-eabi/12.3.1/../../../../arm-none-eabi/lib/thumb/v7e-m+fp/hard\libc_nano.a(libc_a-mprec.o)
                0x080135b0                _Bfree
 .text.__multadd
                0x080135f4       0x8c C:/ST/STM32CubeIDE_1.15.0/STM32CubeIDE/plugins/com.st.stm32cube.ide.mcu.externaltools.gnu-tools-for-stm32.12.3.rel1.win32_1.0.100.202403111256/tools/bin/../lib/gcc/arm-none-eabi/12.3.1/../../../../arm-none-eabi/lib/thumb/v7e-m+fp/hard\libc_nano.a(libc_a-mprec.o)
                0x080135f4                __multadd
 .text.__s2b    0x08013680       0x94 C:/ST/STM32CubeIDE_1.15.0/STM32CubeIDE/plugins/com.st.stm32cube.ide.mcu.externaltools.gnu-tools-for-stm32.12.3.rel1.win32_1.0.100.202403111256/tools/bin/../lib/gcc/arm-none-eabi/12.3.1/../../../../arm-none-eabi/lib/thumb/v7e-m+fp/hard\libc_nano.a(libc_a-mprec.o)
                0x08013680                __s2b
 .text.__hi0bits
                0x08013714       0x3e C:/ST/STM32CubeIDE_1.15.0/STM32CubeIDE/plugins/com.st.stm32cube.ide.mcu.externaltools.gnu-tools-for-stm32.12.3.rel1.win32_1.0.100.202403111256/tools/bin/../lib/gcc/arm-none-eabi/12.3.1/../../../../arm-none-eabi/lib/thumb/v7e-m+fp/hard\libc_nano.a(libc_a-mprec.o)
                0x08013714                __hi0bits
 .text.__lo0bits
                0x08013752       0x5a C:/ST/STM32CubeIDE_1.15.0/STM32CubeIDE/plugins/com.st.stm32cube.ide.mcu.externaltools.gnu-tools-for-stm32.12.3.rel1.win32_1.0.100.202403111256/tools/bin/../lib/gcc/arm-none-eabi/12.3.1/../../../../arm-none-eabi/lib/thumb/v7e-m+fp/hard\libc_nano.a(libc_a-mprec.o)
                0x08013752                __lo0bits
 .text.__i2b    0x080137ac       0x2c C:/ST/STM32CubeIDE_1.15.0/STM32CubeIDE/plugins/com.st.stm32cube.ide.mcu.externaltools.gnu-tools-for-stm32.12.3.rel1.win32_1.0.100.202403111256/tools/bin/../lib/gcc/arm-none-eabi/12.3.1/../../../../arm-none-eabi/lib/thumb/v7e-m+fp/hard\libc_nano.a(libc_a-mprec.o)
                0x080137ac                __i2b
 .text.__multiply
                0x080137d8      0x154 C:/ST/STM32CubeIDE_1.15.0/STM32CubeIDE/plugins/com.st.stm32cube.ide.mcu.externaltools.gnu-tools-for-stm32.12.3.rel1.win32_1.0.100.202403111256/tools/bin/../lib/gcc/arm-none-eabi/12.3.1/../../../../arm-none-eabi/lib/thumb/v7e-m+fp/hard\libc_nano.a(libc_a-mprec.o)
                0x080137d8                __multiply
 .text.__pow5mult
                0x0801392c       0xb4 C:/ST/STM32CubeIDE_1.15.0/STM32CubeIDE/plugins/com.st.stm32cube.ide.mcu.externaltools.gnu-tools-for-stm32.12.3.rel1.win32_1.0.100.202403111256/tools/bin/../lib/gcc/arm-none-eabi/12.3.1/../../../../arm-none-eabi/lib/thumb/v7e-m+fp/hard\libc_nano.a(libc_a-mprec.o)
                0x0801392c                __pow5mult
 .text.__lshift
                0x080139e0       0xd8 C:/ST/STM32CubeIDE_1.15.0/STM32CubeIDE/plugins/com.st.stm32cube.ide.mcu.externaltools.gnu-tools-for-stm32.12.3.rel1.win32_1.0.100.202403111256/tools/bin/../lib/gcc/arm-none-eabi/12.3.1/../../../../arm-none-eabi/lib/thumb/v7e-m+fp/hard\libc_nano.a(libc_a-mprec.o)
                0x080139e0                __lshift
 .text.__mcmp   0x08013ab8       0x36 C:/ST/STM32CubeIDE_1.15.0/STM32CubeIDE/plugins/com.st.stm32cube.ide.mcu.externaltools.gnu-tools-for-stm32.12.3.rel1.win32_1.0.100.202403111256/tools/bin/../lib/gcc/arm-none-eabi/12.3.1/../../../../arm-none-eabi/lib/thumb/v7e-m+fp/hard\libc_nano.a(libc_a-mprec.o)
                0x08013ab8                __mcmp
 *fill*         0x08013aee        0x2 
 .text.__mdiff  0x08013af0      0x128 C:/ST/STM32CubeIDE_1.15.0/STM32CubeIDE/plugins/com.st.stm32cube.ide.mcu.externaltools.gnu-tools-for-stm32.12.3.rel1.win32_1.0.100.202403111256/tools/bin/../lib/gcc/arm-none-eabi/12.3.1/../../../../arm-none-eabi/lib/thumb/v7e-m+fp/hard\libc_nano.a(libc_a-mprec.o)
                0x08013af0                __mdiff
 .text.__ulp    0x08013c18       0x4c C:/ST/STM32CubeIDE_1.15.0/STM32CubeIDE/plugins/com.st.stm32cube.ide.mcu.externaltools.gnu-tools-for-stm32.12.3.rel1.win32_1.0.100.202403111256/tools/bin/../lib/gcc/arm-none-eabi/12.3.1/../../../../arm-none-eabi/lib/thumb/v7e-m+fp/hard\libc_nano.a(libc_a-mprec.o)
                0x08013c18                __ulp
 .text.__b2d    0x08013c64       0x94 C:/ST/STM32CubeIDE_1.15.0/STM32CubeIDE/plugins/com.st.stm32cube.ide.mcu.externaltools.gnu-tools-for-stm32.12.3.rel1.win32_1.0.100.202403111256/tools/bin/../lib/gcc/arm-none-eabi/12.3.1/../../../../arm-none-eabi/lib/thumb/v7e-m+fp/hard\libc_nano.a(libc_a-mprec.o)
                0x08013c64                __b2d
 .text.__d2b    0x08013cf8       0xb0 C:/ST/STM32CubeIDE_1.15.0/STM32CubeIDE/plugins/com.st.stm32cube.ide.mcu.externaltools.gnu-tools-for-stm32.12.3.rel1.win32_1.0.100.202403111256/tools/bin/../lib/gcc/arm-none-eabi/12.3.1/../../../../arm-none-eabi/lib/thumb/v7e-m+fp/hard\libc_nano.a(libc_a-mprec.o)
                0x08013cf8                __d2b
 .text.__ratio  0x08013da8       0x64 C:/ST/STM32CubeIDE_1.15.0/STM32CubeIDE/plugins/com.st.stm32cube.ide.mcu.externaltools.gnu-tools-for-stm32.12.3.rel1.win32_1.0.100.202403111256/tools/bin/../lib/gcc/arm-none-eabi/12.3.1/../../../../arm-none-eabi/lib/thumb/v7e-m+fp/hard\libc_nano.a(libc_a-mprec.o)
                0x08013da8                __ratio
 .text.__copybits
                0x08013e0c       0x46 C:/ST/STM32CubeIDE_1.15.0/STM32CubeIDE/plugins/com.st.stm32cube.ide.mcu.externaltools.gnu-tools-for-stm32.12.3.rel1.win32_1.0.100.202403111256/tools/bin/../lib/gcc/arm-none-eabi/12.3.1/../../../../arm-none-eabi/lib/thumb/v7e-m+fp/hard\libc_nano.a(libc_a-mprec.o)
                0x08013e0c                __copybits
 .text.__any_on
                0x08013e52       0x42 C:/ST/STM32CubeIDE_1.15.0/STM32CubeIDE/plugins/com.st.stm32cube.ide.mcu.externaltools.gnu-tools-for-stm32.12.3.rel1.win32_1.0.100.202403111256/tools/bin/../lib/gcc/arm-none-eabi/12.3.1/../../../../arm-none-eabi/lib/thumb/v7e-m+fp/hard\libc_nano.a(libc_a-mprec.o)
                0x08013e52                __any_on
 .text.__ascii_wctomb
                0x08013e94       0x1a C:/ST/STM32CubeIDE_1.15.0/STM32CubeIDE/plugins/com.st.stm32cube.ide.mcu.externaltools.gnu-tools-for-stm32.12.3.rel1.win32_1.0.100.202403111256/tools/bin/../lib/gcc/arm-none-eabi/12.3.1/../../../../arm-none-eabi/lib/thumb/v7e-m+fp/hard\libc_nano.a(libc_a-wctomb_r.o)
                0x08013e94                __ascii_wctomb
 .text.__ssputs_r
                0x08013eae       0xb6 C:/ST/STM32CubeIDE_1.15.0/STM32CubeIDE/plugins/com.st.stm32cube.ide.mcu.externaltools.gnu-tools-for-stm32.12.3.rel1.win32_1.0.100.202403111256/tools/bin/../lib/gcc/arm-none-eabi/12.3.1/../../../../arm-none-eabi/lib/thumb/v7e-m+fp/hard\libc_nano.a(libc_a-nano-svfprintf.o)
                0x08013eae                __ssputs_r
 .text._svfprintf_r
                0x08013f64      0x1f8 C:/ST/STM32CubeIDE_1.15.0/STM32CubeIDE/plugins/com.st.stm32cube.ide.mcu.externaltools.gnu-tools-for-stm32.12.3.rel1.win32_1.0.100.202403111256/tools/bin/../lib/gcc/arm-none-eabi/12.3.1/../../../../arm-none-eabi/lib/thumb/v7e-m+fp/hard\libc_nano.a(libc_a-nano-svfprintf.o)
                0x08013f64                _svfiprintf_r
                0x08013f64                _svfprintf_r
 .text.__sfputc_r
                0x0801415c       0x2e C:/ST/STM32CubeIDE_1.15.0/STM32CubeIDE/plugins/com.st.stm32cube.ide.mcu.externaltools.gnu-tools-for-stm32.12.3.rel1.win32_1.0.100.202403111256/tools/bin/../lib/gcc/arm-none-eabi/12.3.1/../../../../arm-none-eabi/lib/thumb/v7e-m+fp/hard\libc_nano.a(libc_a-nano-vfprintf.o)
 .text.__sfputs_r
                0x0801418a       0x24 C:/ST/STM32CubeIDE_1.15.0/STM32CubeIDE/plugins/com.st.stm32cube.ide.mcu.externaltools.gnu-tools-for-stm32.12.3.rel1.win32_1.0.100.202403111256/tools/bin/../lib/gcc/arm-none-eabi/12.3.1/../../../../arm-none-eabi/lib/thumb/v7e-m+fp/hard\libc_nano.a(libc_a-nano-vfprintf.o)
                0x0801418a                __sfputs_r
 *fill*         0x080141ae        0x2 
 .text._vfprintf_r
                0x080141b0      0x230 C:/ST/STM32CubeIDE_1.15.0/STM32CubeIDE/plugins/com.st.stm32cube.ide.mcu.externaltools.gnu-tools-for-stm32.12.3.rel1.win32_1.0.100.202403111256/tools/bin/../lib/gcc/arm-none-eabi/12.3.1/../../../../arm-none-eabi/lib/thumb/v7e-m+fp/hard\libc_nano.a(libc_a-nano-vfprintf.o)
                0x080141b0                _vfprintf_r
                0x080141b0                _vfiprintf_r
 .text._printf_common
                0x080143e0       0xda C:/ST/STM32CubeIDE_1.15.0/STM32CubeIDE/plugins/com.st.stm32cube.ide.mcu.externaltools.gnu-tools-for-stm32.12.3.rel1.win32_1.0.100.202403111256/tools/bin/../lib/gcc/arm-none-eabi/12.3.1/../../../../arm-none-eabi/lib/thumb/v7e-m+fp/hard\libc_nano.a(libc_a-nano-vfprintf_i.o)
                0x080143e0                _printf_common
 *fill*         0x080144ba        0x2 
 .text._printf_i